Archive member included to satisfy reference by file (symbol)

C:/Sw/ST/STM32CubeIDE_1.17.0/STM32CubeIDE/plugins/com.st.stm32cube.ide.mcu.externaltools.gnu-tools-for-stm32.12.3.rel1.win32_1.1.0.202410251130/tools/bin/../lib/gcc/arm-none-eabi/12.3.1/../../../../arm-none-eabi/lib/thumb/v7e-m+fp/hard\libc_nano.a(libc_a-exit.o)
                              C:/Sw/ST/STM32CubeIDE_1.17.0/STM32CubeIDE/plugins/com.st.stm32cube.ide.mcu.externaltools.gnu-tools-for-stm32.12.3.rel1.win32_1.1.0.202410251130/tools/bin/../lib/gcc/arm-none-eabi/12.3.1/../../../../arm-none-eabi/lib/thumb/v7e-m+fp/hard/crt0.o (exit)
C:/Sw/ST/STM32CubeIDE_1.17.0/STM32CubeIDE/plugins/com.st.stm32cube.ide.mcu.externaltools.gnu-tools-for-stm32.12.3.rel1.win32_1.1.0.202410251130/tools/bin/../lib/gcc/arm-none-eabi/12.3.1/../../../../arm-none-eabi/lib/thumb/v7e-m+fp/hard\libc_nano.a(libc_a-findfp.o)
                              C:/Sw/ST/STM32CubeIDE_1.17.0/STM32CubeIDE/plugins/com.st.stm32cube.ide.mcu.externaltools.gnu-tools-for-stm32.12.3.rel1.win32_1.1.0.202410251130/tools/bin/../lib/gcc/arm-none-eabi/12.3.1/../../../../arm-none-eabi/lib/thumb/v7e-m+fp/hard\libc_nano.a(libc_a-exit.o) (__stdio_exit_handler)
C:/Sw/ST/STM32CubeIDE_1.17.0/STM32CubeIDE/plugins/com.st.stm32cube.ide.mcu.externaltools.gnu-tools-for-stm32.12.3.rel1.win32_1.1.0.202410251130/tools/bin/../lib/gcc/arm-none-eabi/12.3.1/../../../../arm-none-eabi/lib/thumb/v7e-m+fp/hard\libc_nano.a(libc_a-fwalk.o)
                              C:/Sw/ST/STM32CubeIDE_1.17.0/STM32CubeIDE/plugins/com.st.stm32cube.ide.mcu.externaltools.gnu-tools-for-stm32.12.3.rel1.win32_1.1.0.202410251130/tools/bin/../lib/gcc/arm-none-eabi/12.3.1/../../../../arm-none-eabi/lib/thumb/v7e-m+fp/hard\libc_nano.a(libc_a-findfp.o) (_fwalk_sglue)
C:/Sw/ST/STM32CubeIDE_1.17.0/STM32CubeIDE/plugins/com.st.stm32cube.ide.mcu.externaltools.gnu-tools-for-stm32.12.3.rel1.win32_1.1.0.202410251130/tools/bin/../lib/gcc/arm-none-eabi/12.3.1/../../../../arm-none-eabi/lib/thumb/v7e-m+fp/hard\libc_nano.a(libc_a-sprintf.o)
                              ./Core/Rtos/freertos.o (sprintf)
C:/Sw/ST/STM32CubeIDE_1.17.0/STM32CubeIDE/plugins/com.st.stm32cube.ide.mcu.externaltools.gnu-tools-for-stm32.12.3.rel1.win32_1.1.0.202410251130/tools/bin/../lib/gcc/arm-none-eabi/12.3.1/../../../../arm-none-eabi/lib/thumb/v7e-m+fp/hard\libc_nano.a(libc_a-stdio.o)
                              C:/Sw/ST/STM32CubeIDE_1.17.0/STM32CubeIDE/plugins/com.st.stm32cube.ide.mcu.externaltools.gnu-tools-for-stm32.12.3.rel1.win32_1.1.0.202410251130/tools/bin/../lib/gcc/arm-none-eabi/12.3.1/../../../../arm-none-eabi/lib/thumb/v7e-m+fp/hard\libc_nano.a(libc_a-findfp.o) (__sread)
C:/Sw/ST/STM32CubeIDE_1.17.0/STM32CubeIDE/plugins/com.st.stm32cube.ide.mcu.externaltools.gnu-tools-for-stm32.12.3.rel1.win32_1.1.0.202410251130/tools/bin/../lib/gcc/arm-none-eabi/12.3.1/../../../../arm-none-eabi/lib/thumb/v7e-m+fp/hard\libc_nano.a(libc_a-memset.o)
                              C:/Sw/ST/STM32CubeIDE_1.17.0/STM32CubeIDE/plugins/com.st.stm32cube.ide.mcu.externaltools.gnu-tools-for-stm32.12.3.rel1.win32_1.1.0.202410251130/tools/bin/../lib/gcc/arm-none-eabi/12.3.1/../../../../arm-none-eabi/lib/thumb/v7e-m+fp/hard/crt0.o (memset)
C:/Sw/ST/STM32CubeIDE_1.17.0/STM32CubeIDE/plugins/com.st.stm32cube.ide.mcu.externaltools.gnu-tools-for-stm32.12.3.rel1.win32_1.1.0.202410251130/tools/bin/../lib/gcc/arm-none-eabi/12.3.1/../../../../arm-none-eabi/lib/thumb/v7e-m+fp/hard\libc_nano.a(libc_a-closer.o)
                              C:/Sw/ST/STM32CubeIDE_1.17.0/STM32CubeIDE/plugins/com.st.stm32cube.ide.mcu.externaltools.gnu-tools-for-stm32.12.3.rel1.win32_1.1.0.202410251130/tools/bin/../lib/gcc/arm-none-eabi/12.3.1/../../../../arm-none-eabi/lib/thumb/v7e-m+fp/hard\libc_nano.a(libc_a-stdio.o) (_close_r)
C:/Sw/ST/STM32CubeIDE_1.17.0/STM32CubeIDE/plugins/com.st.stm32cube.ide.mcu.externaltools.gnu-tools-for-stm32.12.3.rel1.win32_1.1.0.202410251130/tools/bin/../lib/gcc/arm-none-eabi/12.3.1/../../../../arm-none-eabi/lib/thumb/v7e-m+fp/hard\libc_nano.a(libc_a-reent.o)
                              C:/Sw/ST/STM32CubeIDE_1.17.0/STM32CubeIDE/plugins/com.st.stm32cube.ide.mcu.externaltools.gnu-tools-for-stm32.12.3.rel1.win32_1.1.0.202410251130/tools/bin/../lib/gcc/arm-none-eabi/12.3.1/../../../../arm-none-eabi/lib/thumb/v7e-m+fp/hard\libc_nano.a(libc_a-closer.o) (errno)
C:/Sw/ST/STM32CubeIDE_1.17.0/STM32CubeIDE/plugins/com.st.stm32cube.ide.mcu.externaltools.gnu-tools-for-stm32.12.3.rel1.win32_1.1.0.202410251130/tools/bin/../lib/gcc/arm-none-eabi/12.3.1/../../../../arm-none-eabi/lib/thumb/v7e-m+fp/hard\libc_nano.a(libc_a-impure.o)
                              C:/Sw/ST/STM32CubeIDE_1.17.0/STM32CubeIDE/plugins/com.st.stm32cube.ide.mcu.externaltools.gnu-tools-for-stm32.12.3.rel1.win32_1.1.0.202410251130/tools/bin/../lib/gcc/arm-none-eabi/12.3.1/../../../../arm-none-eabi/lib/thumb/v7e-m+fp/hard\libc_nano.a(libc_a-sprintf.o) (_impure_ptr)
[...]
Memory Configuration

Name             Origin             Length             Attributes
RAM              0x20000000         0x00020000         xrw
FLASH            0x08000000         0x00080000         xr
*default*        0x00000000         0xffffffff

Linker script and memory map

LOAD C:/Sw/ST/STM32CubeIDE_1.17.0/STM32CubeIDE/plugins/com.st.stm32cube.ide.mcu.externaltools.gnu-tools-for-stm32.12.3.rel1.win32_1.1.0.202410251130/tools/bin/../lib/gcc/arm-none-eabi/12.3.1/thumb/v7e-m+fp/hard/crti.o
LOAD C:/Sw/ST/STM32CubeIDE_1.17.0/STM32CubeIDE/plugins/com.st.stm32cube.ide.mcu.externaltools.gnu-tools-for-stm32.12.3.rel1.win32_1.1.0.202410251130/tools/bin/../lib/gcc/arm-none-eabi/12.3.1/thumb/v7e-m+fp/hard/crtbegin.o
LOAD C:/Sw/ST/STM32CubeIDE_1.17.0/STM32CubeIDE/plugins/com.st.stm32cube.ide.mcu.externaltools.gnu-tools-for-stm32.12.3.rel1.win32_1.1.0.202410251130/tools/bin/../lib/gcc/arm-none-eabi/12.3.1/../../../../arm-none-eabi/lib/thumb/v7e-m+fp/hard/crt0.o
LOAD ./Core/Mcu/stm32f4xx_hal_msp.o
LOAD ./Core/Mcu/stm32f4xx_it.o
LOAD ./Core/Rtos/freertos.o
LOAD ./Core/System/Startup/startup_stm32f446retx.o
LOAD ./Core/System/syscalls.o
LOAD ./Core/System/sysmem.o
LOAD ./Core/System/system_stm32f4xx.o
LOAD ./Core/main.o
LOAD ./Drivers/STM32F4xx_HAL_Driver/Src/stm32f4xx_hal.o
LOAD ./Drivers/STM32F4xx_HAL_Driver/Src/stm32f4xx_hal_cortex.o
LOAD ./Drivers/STM32F4xx_HAL_Driver/Src/stm32f4xx_hal_dma.o
LOAD ./Drivers/STM32F4xx_HAL_Driver/Src/stm32f4xx_hal_dma_ex.o
LOAD ./Drivers/STM32F4xx_HAL_Driver/Src/stm32f4xx_hal_exti.o
LOAD ./Drivers/STM32F4xx_HAL_Driver/Src/stm32f4xx_hal_flash.o
LOAD ./Drivers/STM32F4xx_HAL_Driver/Src/stm32f4xx_hal_flash_ex.o
LOAD ./Drivers/STM32F4xx_HAL_Driver/Src/stm32f4xx_hal_flash_ramfunc.o
LOAD ./Drivers/STM32F4xx_HAL_Driver/Src/stm32f4xx_hal_gpio.o
LOAD ./Drivers/STM32F4xx_HAL_Driver/Src/stm32f4xx_hal_pwr.o
LOAD ./Drivers/STM32F4xx_HAL_Driver/Src/stm32f4xx_hal_pwr_ex.o
LOAD ./Drivers/STM32F4xx_HAL_Driver/Src/stm32f4xx_hal_rcc.o
LOAD ./Drivers/STM32F4xx_HAL_Driver/Src/stm32f4xx_hal_rcc_ex.o
LOAD ./Drivers/STM32F4xx_HAL_Driver/Src/stm32f4xx_hal_tim.o
LOAD ./Drivers/STM32F4xx_HAL_Driver/Src/stm32f4xx_hal_tim_ex.o
LOAD ./Drivers/STM32F4xx_HAL_Driver/Src/stm32f4xx_hal_uart.o
LOAD ./Drivers/STM32F4xx_HAL_Driver/Src/stm32f4xx_hal_wwdg.o
LOAD ./Middlewares/Third_Party/FreeRTOS/Source/CMSIS_RTOS_V2/cmsis_os2.o
LOAD ./Middlewares/Third_Party/FreeRTOS/Source/croutine.o
LOAD ./Middlewares/Third_Party/FreeRTOS/Source/event_groups.o
LOAD ./Middlewares/Third_Party/FreeRTOS/Source/list.o
LOAD ./Middlewares/Third_Party/FreeRTOS/Source/queue.o
LOAD ./Middlewares/Third_Party/FreeRTOS/Source/stream_buffer.o
LOAD ./Middlewares/Third_Party/FreeRTOS/Source/tasks.o
LOAD ./Middlewares/Third_Party/FreeRTOS/Source/timers.o
LOAD ./Middlewares/Third_Party/FreeRTOS/Source/portable/GCC/ARM_CM4F/port.o
LOAD ./Middlewares/Third_Party/FreeRTOS/Source/portable/MemMang/heap_4.o
START GROUP
LOAD C:/Sw/ST/STM32CubeIDE_1.17.0/STM32CubeIDE/plugins/com.st.stm32cube.ide.mcu.externaltools.gnu-tools-for-stm32.12.3.rel1.win32_1.1.0.202410251130/tools/bin/../lib/gcc/arm-none-eabi/12.3.1/../../../../arm-none-eabi/lib/thumb/v7e-m+fp/hard\libstdc++_nano.a
LOAD C:/Sw/ST/STM32CubeIDE_1.17.0/STM32CubeIDE/plugins/com.st.stm32cube.ide.mcu.externaltools.gnu-tools-for-stm32.12.3.rel1.win32_1.1.0.202410251130/tools/bin/../lib/gcc/arm-none-eabi/12.3.1/../../../../arm-none-eabi/lib/thumb/v7e-m+fp/hard\libsupc++_nano.a
END GROUP
LOAD C:/Sw/ST/STM32CubeIDE_1.17.0/STM32CubeIDE/plugins/com.st.stm32cube.ide.mcu.externaltools.gnu-tools-for-stm32.12.3.rel1.win32_1.1.0.202410251130/tools/bin/../lib/gcc/arm-none-eabi/12.3.1/../../../../arm-none-eabi/lib/thumb/v7e-m+fp/hard\libstdc++_nano.a
LOAD C:/Sw/ST/STM32CubeIDE_1.17.0/STM32CubeIDE/plugins/com.st.stm32cube.ide.mcu.externaltools.gnu-tools-for-stm32.12.3.rel1.win32_1.1.0.202410251130/tools/bin/../lib/gcc/arm-none-eabi/12.3.1/../../../../arm-none-eabi/lib/thumb/v7e-m+fp/hard\libm.a
LOAD C:/Sw/ST/STM32CubeIDE_1.17.0/STM32CubeIDE/plugins/com.st.stm32cube.ide.mcu.externaltools.gnu-tools-for-stm32.12.3.rel1.win32_1.1.0.202410251130/tools/bin/../lib/gcc/arm-none-eabi/12.3.1/../../../../arm-none-eabi/lib/thumb/v7e-m+fp/hard\libc_nano.a
START GROUP
LOAD C:/Sw/ST/STM32CubeIDE_1.17.0/STM32CubeIDE/plugins/com.st.stm32cube.ide.mcu.externaltools.gnu-tools-for-stm32.12.3.rel1.win32_1.1.0.202410251130/tools/bin/../lib/gcc/arm-none-eabi/12.3.1/thumb/v7e-m+fp/hard\libgcc.a
LOAD C:/Sw/ST/STM32CubeIDE_1.17.0/STM32CubeIDE/plugins/com.st.stm32cube.ide.mcu.externaltools.gnu-tools-for-stm32.12.3.rel1.win32_1.1.0.202410251130/tools/bin/../lib/gcc/arm-none-eabi/12.3.1/../../../../arm-none-eabi/lib/thumb/v7e-m+fp/hard\libc_nano.a
END GROUP
START GROUP
LOAD C:/Sw/ST/STM32CubeIDE_1.17.0/STM32CubeIDE/plugins/com.st.stm32cube.ide.mcu.externaltools.gnu-tools-for-stm32.12.3.rel1.win32_1.1.0.202410251130/tools/bin/../lib/gcc/arm-none-eabi/12.3.1/thumb/v7e-m+fp/hard\libgcc.a
LOAD C:/Sw/ST/STM32CubeIDE_1.17.0/STM32CubeIDE/plugins/com.st.stm32cube.ide.mcu.externaltools.gnu-tools-for-stm32.12.3.rel1.win32_1.1.0.202410251130/tools/bin/../lib/gcc/arm-none-eabi/12.3.1/../../../../arm-none-eabi/lib/thumb/v7e-m+fp/hard\libc_nano.a
LOAD C:/Sw/ST/STM32CubeIDE_1.17.0/STM32CubeIDE/plugins/com.st.stm32cube.ide.mcu.externaltools.gnu-tools-for-stm32.12.3.rel1.win32_1.1.0.202410251130/tools/bin/../lib/gcc/arm-none-eabi/12.3.1/../../../../arm-none-eabi/lib/thumb/v7e-m+fp/hard\libnosys.a
END GROUP
START GROUP
LOAD C:/Sw/ST/STM32CubeIDE_1.17.0/STM32CubeIDE/plugins/com.st.stm32cube.ide.mcu.externaltools.gnu-tools-for-stm32.12.3.rel1.win32_1.1.0.202410251130/tools/bin/../lib/gcc/arm-none-eabi/12.3.1/thumb/v7e-m+fp/hard\libgcc.a
LOAD C:/Sw/ST/STM32CubeIDE_1.17.0/STM32CubeIDE/plugins/com.st.stm32cube.ide.mcu.externaltools.gnu-tools-for-stm32.12.3.rel1.win32_1.1.0.202410251130/tools/bin/../lib/gcc/arm-none-eabi/12.3.1/../../../../arm-none-eabi/lib/thumb/v7e-m+fp/hard\libc_nano.a
LOAD C:/Sw/ST/STM32CubeIDE_1.17.0/STM32CubeIDE/plugins/com.st.stm32cube.ide.mcu.externaltools.gnu-tools-for-stm32.12.3.rel1.win32_1.1.0.202410251130/tools/bin/../lib/gcc/arm-none-eabi/12.3.1/../../../../arm-none-eabi/lib/thumb/v7e-m+fp/hard\libnosys.a
END GROUP
LOAD C:/Sw/ST/STM32CubeIDE_1.17.0/STM32CubeIDE/plugins/com.st.stm32cube.ide.mcu.externaltools.gnu-tools-for-stm32.12.3.rel1.win32_1.1.0.202410251130/tools/bin/../lib/gcc/arm-none-eabi/12.3.1/thumb/v7e-m+fp/hard/crtend.o
LOAD C:/Sw/ST/STM32CubeIDE_1.17.0/STM32CubeIDE/plugins/com.st.stm32cube.ide.mcu.externaltools.gnu-tools-for-stm32.12.3.rel1.win32_1.1.0.202410251130/tools/bin/../lib/gcc/arm-none-eabi/12.3.1/thumb/v7e-m+fp/hard/crtn.o
                0x20020000                        _estack = (ORIGIN (RAM) + LENGTH (RAM))
                0x00000200                        _Min_Heap_Size = 0x200
                0x00000400                        _Min_Stack_Size = 0x400

.isr_vector     0x08000000      0x1c4
                0x08000000                        . = ALIGN (0x4)
 *(.isr_vector)
 .isr_vector    0x08000000      0x1c4 ./Core/System/Startup/startup_stm32f446retx.o
                0x08000000                g_pfnVectors
                0x080001c4                        . = ALIGN (0x4)

.text           0x080001d0     0x6a10
                0x080001d0                        . = ALIGN (0x4)
 *(.text)
 .text          0x080001d0       0x40 C:/Sw/ST/STM32CubeIDE_1.17.0/STM32CubeIDE/plugins/com.st.stm32cube.ide.mcu.externaltools.gnu-tools-for-stm32.12.3.rel1.win32_1.1.0.202410251130/tools/bin/../lib/gcc/arm-none-eabi/12.3.1/thumb/v7e-m+fp/hard/crtbegin.o
 .text          0x08000210       0x10 C:/Sw/ST/STM32CubeIDE_1.17.0/STM32CubeIDE/plugins/com.st.stm32cube.ide.mcu.externaltools.gnu-tools-for-stm32.12.3.rel1.win32_1.1.0.202410251130/tools/bin/../lib/gcc/arm-none-eabi/12.3.1/../../../../arm-none-eabi/lib/thumb/v7e-m+fp/hard\libc_nano.a(libc_a-strlen.o)
                0x08000210                strlen
 .text          0x08000220       0xa0 C:/Sw/ST/STM32CubeIDE_1.17.0/STM32CubeIDE/plugins/com.st.stm32cube.ide.mcu.externaltools.gnu-tools-for-stm32.12.3.rel1.win32_1.1.0.202410251130/tools/bin/../lib/gcc/arm-none-eabi/12.3.1/../../../../arm-none-eabi/lib/thumb/v7e-m+fp/hard\libc_nano.a(libc_a-memchr.o)
                0x08000220                memchr
 .text          0x080002c0       0x30 C:/Sw/ST/STM32CubeIDE_1.17.0/STM32CubeIDE/plugins/com.st.stm32cube.ide.mcu.externaltools.gnu-tools-for-stm32.12.3.rel1.win32_1.1.0.202410251130/tools/bin/../lib/gcc/arm-none-eabi/12.3.1/thumb/v7e-m+fp/hard\libgcc.a(_aeabi_uldivmod.o)
                0x080002c0                __aeabi_uldivmod
 .text          0x080002f0      0x2bc C:/Sw/ST/STM32CubeIDE_1.17.0/STM32CubeIDE/plugins/com.st.stm32cube.ide.mcu.externaltools.gnu-tools-for-stm32.12.3.rel1.win32_1.1.0.202410251130/tools/bin/../lib/gcc/arm-none-eabi/12.3.1/thumb/v7e-m+fp/hard\libgcc.a(_udivmoddi4.o)
                0x080002f0                __udivmoddi4
 .text          0x080005ac        0x4 C:/Sw/ST/STM32CubeIDE_1.17.0/STM32CubeIDE/plugins/com.st.stm32cube.ide.mcu.externaltools.gnu-tools-for-stm32.12.3.rel1.win32_1.1.0.202410251130/tools/bin/../lib/gcc/arm-none-eabi/12.3.1/thumb/v7e-m+fp/hard\libgcc.a(_dvmd_tls.o)
                0x080005ac                __aeabi_idiv0
                0x080005ac                __aeabi_ldiv0
 *(.text*)
 .text.HAL_MspInit
                0x080005b0       0x58 ./Core/Mcu/stm32f4xx_hal_msp.o
                0x080005b0                HAL_MspInit
 .text.HAL_TIM_Base_MspInit
                0x08000608       0x44 ./Core/Mcu/stm32f4xx_hal_msp.o
                0x08000608                HAL_TIM_Base_MspInit
 .text.HAL_UART_MspInit
                0x0800064c       0xa0 ./Core/Mcu/stm32f4xx_hal_msp.o
                0x0800064c                HAL_UART_MspInit
 .text.NMI_Handler
                0x080006ec        0x8 ./Core/Mcu/stm32f4xx_it.o
                0x080006ec                NMI_Handler
 .text.HardFault_Handler
                0x080006f4        0x8 ./Core/Mcu/stm32f4xx_it.o
                0x080006f4                HardFault_Handler
 .text.MemManage_Handler
                0x080006fc        0x8 ./Core/Mcu/stm32f4xx_it.o
                0x080006fc                MemManage_Handler
 .text.BusFault_Handler
                0x08000704        0x8 ./Core/Mcu/stm32f4xx_it.o
                0x08000704                BusFault_Handler
 .text.UsageFault_Handler
                0x0800070c        0x8 ./Core/Mcu/stm32f4xx_it.o
                0x0800070c                UsageFault_Handler
 .text.DebugMon_Handler
                0x08000714        0xe ./Core/Mcu/stm32f4xx_it.o
                0x08000714                DebugMon_Handler
 .text.SysTick_Handler
                0x08000722       0x2a ./Core/Mcu/stm32f4xx_it.o
                0x08000722                SysTick_Handler
 .text.sysTask_Init
                0x0800074c       0x2c ./Core/Rtos/freertos.o
                0x0800074c                sysTask_Init
 .text.dataTask_Init
                0x08000778       0x6c ./Core/Rtos/freertos.o
                0x08000778                dataTask_Init
 .text.dispTask_Init
                0x080007e4       0x20 ./Core/Rtos/freertos.o
                0x080007e4                dispTask_Init
 .text.ctrlTask_Init
                0x08000804       0x20 ./Core/Rtos/freertos.o
                0x08000804                ctrlTask_Init
 .text.osTimer_Callback
                0x08000824       0x14 ./Core/Rtos/freertos.o
                0x08000824                osTimer_Callback
 .text.Reset_Handler
                0x08000838       0x50 ./Core/System/Startup/startup_stm32f446retx.o
                0x08000838                Reset_Handler
 .text.Default_Handler
                0x08000888        0x2 ./Core/System/Startup/startup_stm32f446retx.o
                0x08000888                RTC_Alarm_IRQHandler
                0x08000888                EXTI2_IRQHandler
                0x08000888                TIM8_CC_IRQHandler
                0x08000888                FMPI2C1_EV_IRQHandler
                0x08000888                SPI4_IRQHandler
                0x08000888                TIM1_CC_IRQHandler
                0x08000888                DMA2_Stream5_IRQHandler
                0x08000888                DMA1_Stream5_IRQHandler
                0x08000888                PVD_IRQHandler
                0x08000888                SDIO_IRQHandler
                0x08000888                TAMP_STAMP_IRQHandler
                0x08000888                CAN2_RX1_IRQHandler
                0x08000888                EXTI3_IRQHandler
                0x08000888                TIM8_TRG_COM_TIM14_IRQHandler
                0x08000888                TIM1_UP_TIM10_IRQHandler
                0x08000888                TIM8_UP_TIM13_IRQHandler
                0x08000888                I2C3_ER_IRQHandler
                0x08000888                EXTI0_IRQHandler
                0x08000888                I2C2_EV_IRQHandler
                0x08000888                DMA1_Stream2_IRQHandler
                0x08000888                CAN1_RX0_IRQHandler
                0x08000888                FPU_IRQHandler
                0x08000888                OTG_HS_WKUP_IRQHandler
                0x08000888                CAN2_SCE_IRQHandler
                0x08000888                DMA2_Stream2_IRQHandler
                0x08000888                SPI1_IRQHandler
                0x08000888                TIM6_DAC_IRQHandler
                0x08000888                TIM1_BRK_TIM9_IRQHandler
                0x08000888                DCMI_IRQHandler
                0x08000888                CAN2_RX0_IRQHandler
                0x08000888                DMA2_Stream3_IRQHandler
                0x08000888                SAI2_IRQHandler
                0x08000888                USART6_IRQHandler
                0x08000888                USART3_IRQHandler
                0x08000888                CAN1_RX1_IRQHandler
                0x08000888                UART5_IRQHandler
                0x08000888                DMA2_Stream0_IRQHandler
                0x08000888                TIM4_IRQHandler
                0x08000888                QUADSPI_IRQHandler
                0x08000888                I2C1_EV_IRQHandler
                0x08000888                DMA1_Stream6_IRQHandler
                0x08000888                DMA1_Stream1_IRQHandler
                0x08000888                UART4_IRQHandler
                0x08000888                TIM3_IRQHandler
                0x08000888                RCC_IRQHandler
                0x08000888                TIM8_BRK_TIM12_IRQHandler
                0x08000888                Default_Handler
                0x08000888                CEC_IRQHandler
                0x08000888                EXTI15_10_IRQHandler
                0x08000888                ADC_IRQHandler
                0x08000888                DMA1_Stream7_IRQHandler
                0x08000888                TIM7_IRQHandler
                0x08000888                CAN2_TX_IRQHandler
                0x08000888                TIM5_IRQHandler
                0x08000888                DMA2_Stream7_IRQHandler
                0x08000888                I2C3_EV_IRQHandler
                0x08000888                EXTI9_5_IRQHandler
                0x08000888                RTC_WKUP_IRQHandler
                0x08000888                SPDIF_RX_IRQHandler
                0x08000888                SPI2_IRQHandler
                0x08000888                OTG_HS_EP1_IN_IRQHandler
                0x08000888                DMA1_Stream0_IRQHandler
                0x08000888                CAN1_TX_IRQHandler
                0x08000888                FMPI2C1_ER_IRQHandler
                0x08000888                EXTI4_IRQHandler
                0x08000888                OTG_HS_EP1_OUT_IRQHandler
                0x08000888                WWDG_IRQHandler
                0x08000888                TIM2_IRQHandler
                0x08000888                OTG_FS_WKUP_IRQHandler
                0x08000888                TIM1_TRG_COM_TIM11_IRQHandler
                0x08000888                OTG_HS_IRQHandler
                0x08000888                EXTI1_IRQHandler
                0x08000888                USART2_IRQHandler
                0x08000888                I2C2_ER_IRQHandler
                0x08000888                DMA2_Stream1_IRQHandler
                0x08000888                CAN1_SCE_IRQHandler
                0x08000888                FLASH_IRQHandler
                0x08000888                DMA2_Stream4_IRQHandler
                0x08000888                USART1_IRQHandler
                0x08000888                OTG_FS_IRQHandler
                0x08000888                SPI3_IRQHandler
                0x08000888                DMA1_Stream4_IRQHandler
                0x08000888                I2C1_ER_IRQHandler
                0x08000888                FMC_IRQHandler
                0x08000888                DMA2_Stream6_IRQHandler
                0x08000888                SAI1_IRQHandler
                0x08000888                DMA1_Stream3_IRQHandler
 *fill*         0x0800088a        0x2 
 .text._sbrk    0x0800088c       0x6c ./Core/System/sysmem.o
                0x0800088c                _sbrk
 .text.SystemInit
                0x080008f8       0x24 ./Core/System/system_stm32f4xx.o
                0x080008f8                SystemInit
 .text.main     0x0800091c      0x114 ./Core/main.o
                0x0800091c                main
 .text.SystemClock_Config
                0x08000a30      0x108 ./Core/main.o
                0x08000a30                SystemClock_Config
 .text.TIM1_Init
                0x08000b38       0xd0 ./Core/main.o
 .text.USART2_UART_Init
                0x08000c08       0x60 ./Core/main.o
 .text.GPIO_Init
                0x08000c68      0x14c ./Core/main.o
 .text._printf  0x08000db4       0x2c ./Core/main.o
                0x08000db4                _printf
 .text.Error_Handler
                0x08000de0        0xc ./Core/main.o
                0x08000de0                Error_Handler
 .text.Error_Catch
                0x08000dec       0x1e ./Core/main.o
                0x08000dec                Error_Catch
 *fill*         0x08000e0a        0x2 
 .text.HAL_Init
                0x08000e0c       0x44 ./Drivers/STM32F4xx_HAL_Driver/Src/stm32f4xx_hal.o
                0x08000e0c                HAL_Init
 .text.HAL_InitTick
                0x08000e50       0x60 ./Drivers/STM32F4xx_HAL_Driver/Src/stm32f4xx_hal.o
                0x08000e50                HAL_InitTick
 .text.HAL_IncTick
                0x08000eb0       0x28 ./Drivers/STM32F4xx_HAL_Driver/Src/stm32f4xx_hal.o
                0x08000eb0                HAL_IncTick
 .text.HAL_GetTick
                0x08000ed8       0x18 ./Drivers/STM32F4xx_HAL_Driver/Src/stm32f4xx_hal.o
                0x08000ed8                HAL_GetTick
 .text.__NVIC_SetPriorityGrouping
                0x08000ef0       0x48 ./Drivers/STM32F4xx_HAL_Driver/Src/stm32f4xx_hal_cortex.o
 .text.__NVIC_GetPriorityGrouping
                0x08000f38       0x1c ./Drivers/STM32F4xx_HAL_Driver/Src/stm32f4xx_hal_cortex.o
 .text.__NVIC_SetPriority
                0x08000f54       0x54 ./Drivers/STM32F4xx_HAL_Driver/Src/stm32f4xx_hal_cortex.o
 .text.NVIC_EncodePriority
                0x08000fa8       0x66 ./Drivers/STM32F4xx_HAL_Driver/Src/stm32f4xx_hal_cortex.o
 *fill*         0x0800100e        0x2 
 .text.SysTick_Config
                0x08001010       0x44 ./Drivers/STM32F4xx_HAL_Driver/Src/stm32f4xx_hal_cortex.o
 .text.HAL_NVIC_SetPriorityGrouping
                0x08001054       0x16 ./Drivers/STM32F4xx_HAL_Driver/Src/stm32f4xx_hal_cortex.o
                0x08001054                HAL_NVIC_SetPriorityGrouping
 .text.HAL_NVIC_SetPriority
                0x0800106a       0x38 ./Drivers/STM32F4xx_HAL_Driver/Src/stm32f4xx_hal_cortex.o
                0x0800106a                HAL_NVIC_SetPriority
 .text.HAL_SYSTICK_Config
                0x080010a2       0x18 ./Drivers/STM32F4xx_HAL_Driver/Src/stm32f4xx_hal_cortex.o
                0x080010a2                HAL_SYSTICK_Config
 *fill*         0x080010ba        0x2 
 .text.HAL_GPIO_Init
                0x080010bc      0x328 ./Drivers/STM32F4xx_HAL_Driver/Src/stm32f4xx_hal_gpio.o
                0x080010bc                HAL_GPIO_Init
 .text.HAL_GPIO_WritePin
                0x080013e4       0x32 ./Drivers/STM32F4xx_HAL_Driver/Src/stm32f4xx_hal_gpio.o
                0x080013e4                HAL_GPIO_WritePin
 .text.HAL_GPIO_TogglePin
                0x08001416       0x34 ./Drivers/STM32F4xx_HAL_Driver/Src/stm32f4xx_hal_gpio.o
                0x08001416                HAL_GPIO_TogglePin
 *fill*         0x0800144a        0x2 
 .text.HAL_RCC_ClockConfig
                0x0800144c      0x1cc ./Drivers/STM32F4xx_HAL_Driver/Src/stm32f4xx_hal_rcc.o
                0x0800144c                HAL_RCC_ClockConfig
 .text.HAL_RCC_GetHCLKFreq
                0x08001618       0x18 ./Drivers/STM32F4xx_HAL_Driver/Src/stm32f4xx_hal_rcc.o
                0x08001618                HAL_RCC_GetHCLKFreq
 .text.HAL_RCC_GetPCLK1Freq
                0x08001630       0x28 ./Drivers/STM32F4xx_HAL_Driver/Src/stm32f4xx_hal_rcc.o
                0x08001630                HAL_RCC_GetPCLK1Freq
 .text.HAL_RCC_GetPCLK2Freq
                0x08001658       0x28 ./Drivers/STM32F4xx_HAL_Driver/Src/stm32f4xx_hal_rcc.o
                0x08001658                HAL_RCC_GetPCLK2Freq
 .text.HAL_RCC_GetSysClockFreq
                0x08001680      0x460 ./Drivers/STM32F4xx_HAL_Driver/Src/stm32f4xx_hal_rcc_ex.o
                0x08001680                HAL_RCC_GetSysClockFreq
 .text.HAL_RCC_OscConfig
                0x08001ae0      0x53c ./Drivers/STM32F4xx_HAL_Driver/Src/stm32f4xx_hal_rcc_ex.o
                0x08001ae0                HAL_RCC_OscConfig
 .text.HAL_TIM_Base_Init
                0x0800201c       0x9e ./Drivers/STM32F4xx_HAL_Driver/Src/stm32f4xx_hal_tim.o
                0x0800201c                HAL_TIM_Base_Init
 *fill*         0x080020ba        0x2 
 .text.HAL_TIM_Base_Start
                0x080020bc       0xd0 ./Drivers/STM32F4xx_HAL_Driver/Src/stm32f4xx_hal_tim.o
                0x080020bc                HAL_TIM_Base_Start
 .text.HAL_TIM_ConfigClockSource
                0x0800218c      0x18e ./Drivers/STM32F4xx_HAL_Driver/Src/stm32f4xx_hal_tim.o
                0x0800218c                HAL_TIM_ConfigClockSource
 *fill*         0x0800231a        0x2 
 .text.TIM_Base_SetConfig
                0x0800231c      0x158 ./Drivers/STM32F4xx_HAL_Driver/Src/stm32f4xx_hal_tim.o
                0x0800231c                TIM_Base_SetConfig
 .text.TIM_TI1_ConfigInputStage
                0x08002474       0x5e ./Drivers/STM32F4xx_HAL_Driver/Src/stm32f4xx_hal_tim.o
 .text.TIM_TI2_ConfigInputStage
                0x080024d2       0x60 ./Drivers/STM32F4xx_HAL_Driver/Src/stm32f4xx_hal_tim.o
 .text.TIM_ITRx_SetConfig
                0x08002532       0x36 ./Drivers/STM32F4xx_HAL_Driver/Src/stm32f4xx_hal_tim.o
 .text.TIM_ETR_SetConfig
                0x08002568       0x40 ./Drivers/STM32F4xx_HAL_Driver/Src/stm32f4xx_hal_tim.o
                0x08002568                TIM_ETR_SetConfig
 .text.HAL_TIMEx_MasterConfigSynchronization
                0x080025a8       0xf8 ./Drivers/STM32F4xx_HAL_Driver/Src/stm32f4xx_hal_tim_ex.o
                0x080025a8                HAL_TIMEx_MasterConfigSynchronization
 .text.HAL_UART_Init
                0x080026a0       0xa0 ./Drivers/STM32F4xx_HAL_Driver/Src/stm32f4xx_hal_uart.o
                0x080026a0                HAL_UART_Init
 .text.HAL_UART_Transmit
                0x08002740      0x116 ./Drivers/STM32F4xx_HAL_Driver/Src/stm32f4xx_hal_uart.o
                0x08002740                HAL_UART_Transmit
 .text.UART_WaitOnFlagUntilTimeout
                0x08002856       0xb2 ./Drivers/STM32F4xx_HAL_Driver/Src/stm32f4xx_hal_uart.o
 .text.UART_EndRxTransfer
                0x08002908       0xc6 ./Drivers/STM32F4xx_HAL_Driver/Src/stm32f4xx_hal_uart.o
 *fill*         0x080029ce        0x2 
 .text.UART_SetConfig
                0x080029d0      0x4e8 ./Drivers/STM32F4xx_HAL_Driver/Src/stm32f4xx_hal_uart.o
 .text.__NVIC_SetPriority
                0x08002eb8       0x54 ./Middlewares/Third_Party/FreeRTOS/Source/CMSIS_RTOS_V2/cmsis_os2.o
 .text.SVC_Setup
                0x08002f0c       0x12 ./Middlewares/Third_Party/FreeRTOS/Source/CMSIS_RTOS_V2/cmsis_os2.o
 *fill*         0x08002f1e        0x2 
 .text.osKernelInitialize
                0x08002f20       0x48 ./Middlewares/Third_Party/FreeRTOS/Source/CMSIS_RTOS_V2/cmsis_os2.o
                0x08002f20                osKernelInitialize
 .text.osKernelStart
                0x08002f68       0x4c ./Middlewares/Third_Party/FreeRTOS/Source/CMSIS_RTOS_V2/cmsis_os2.o
                0x08002f68                osKernelStart
 .text.osThreadNew
                0x08002fb4      0x124 ./Middlewares/Third_Party/FreeRTOS/Source/CMSIS_RTOS_V2/cmsis_os2.o
                0x08002fb4                osThreadNew
 .text.osDelay  0x080030d8       0x36 ./Middlewares/Third_Party/FreeRTOS/Source/CMSIS_RTOS_V2/cmsis_os2.o
                0x080030d8                osDelay
 .text.TimerCallback
                0x0800310e       0x2a ./Middlewares/Third_Party/FreeRTOS/Source/CMSIS_RTOS_V2/cmsis_os2.o
 .text.osTimerNew
                0x08003138       0xf8 ./Middlewares/Third_Party/FreeRTOS/Source/CMSIS_RTOS_V2/cmsis_os2.o
                0x08003138                osTimerNew
 .text.osEventFlagsNew
                0x08003230       0x7e ./Middlewares/Third_Party/FreeRTOS/Source/CMSIS_RTOS_V2/cmsis_os2.o
                0x08003230                osEventFlagsNew
 .text.osMutexNew
                0x080032ae      0x10c ./Middlewares/Third_Party/FreeRTOS/Source/CMSIS_RTOS_V2/cmsis_os2.o
                0x080032ae                osMutexNew
 .text.osSemaphoreNew
                0x080033ba      0x112 ./Middlewares/Third_Party/FreeRTOS/Source/CMSIS_RTOS_V2/cmsis_os2.o
                0x080033ba                osSemaphoreNew
 .text.vApplicationGetIdleTaskMemory
                0x080034cc       0x34 ./Middlewares/Third_Party/FreeRTOS/Source/CMSIS_RTOS_V2/cmsis_os2.o
                0x080034cc                vApplicationGetIdleTaskMemory
 .text.vApplicationGetTimerTaskMemory
                0x08003500       0x34 ./Middlewares/Third_Party/FreeRTOS/Source/CMSIS_RTOS_V2/cmsis_os2.o
                0x08003500                vApplicationGetTimerTaskMemory
 .text.xEventGroupCreateStatic
                0x08003534       0x72 ./Middlewares/Third_Party/FreeRTOS/Source/event_groups.o
                0x08003534                xEventGroupCreateStatic
 .text.xEventGroupCreate
                0x080035a6       0x34 ./Middlewares/Third_Party/FreeRTOS/Source/event_groups.o
                0x080035a6                xEventGroupCreate
 .text.vListInitialise
                0x080035da       0x40 ./Middlewares/Third_Party/FreeRTOS/Source/list.o
                0x080035da                vListInitialise
 .text.vListInitialiseItem
                0x0800361a       0x1a ./Middlewares/Third_Party/FreeRTOS/Source/list.o
                0x0800361a                vListInitialiseItem
 .text.vListInsertEnd
                0x08003634       0x48 ./Middlewares/Third_Party/FreeRTOS/Source/list.o
                0x08003634                vListInsertEnd
 .text.vListInsert
                0x0800367c       0x72 ./Middlewares/Third_Party/FreeRTOS/Source/list.o
                0x0800367c                vListInsert
 .text.uxListRemove
                0x080036ee       0x54 ./Middlewares/Third_Party/FreeRTOS/Source/list.o
                0x080036ee                uxListRemove
 *fill*         0x08003742        0x2 
 .text.xQueueGenericReset
                0x08003744       0xd4 ./Middlewares/Third_Party/FreeRTOS/Source/queue.o
                0x08003744                xQueueGenericReset
 .text.xQueueGenericCreateStatic
                0x08003818       0xfa ./Middlewares/Third_Party/FreeRTOS/Source/queue.o
                0x08003818                xQueueGenericCreateStatic
 .text.xQueueGenericCreate
                0x08003912       0x76 ./Middlewares/Third_Party/FreeRTOS/Source/queue.o
                0x08003912                xQueueGenericCreate
 .text.prvInitialiseNewQueue
                0x08003988       0x46 ./Middlewares/Third_Party/FreeRTOS/Source/queue.o
 .text.prvInitialiseMutex
                0x080039ce       0x34 ./Middlewares/Third_Party/FreeRTOS/Source/queue.o
 .text.xQueueCreateMutex
                0x08003a02       0x30 ./Middlewares/Third_Party/FreeRTOS/Source/queue.o
                0x08003a02                xQueueCreateMutex
 .text.xQueueCreateMutexStatic
                0x08003a32       0x36 ./Middlewares/Third_Party/FreeRTOS/Source/queue.o
                0x08003a32                xQueueCreateMutexStatic
 .text.xQueueCreateCountingSemaphoreStatic
                0x08003a68       0x72 ./Middlewares/Third_Party/FreeRTOS/Source/queue.o
                0x08003a68                xQueueCreateCountingSemaphoreStatic
 .text.xQueueCreateCountingSemaphore
                0x08003ada       0x6a ./Middlewares/Third_Party/FreeRTOS/Source/queue.o
                0x08003ada                xQueueCreateCountingSemaphore
 .text.xQueueGenericSend
                0x08003b44      0x204 ./Middlewares/Third_Party/FreeRTOS/Source/queue.o
                0x08003b44                xQueueGenericSend
 .text.xQueueGenericSendFromISR
                0x08003d48      0x13c ./Middlewares/Third_Party/FreeRTOS/Source/queue.o
                0x08003d48                xQueueGenericSendFromISR
 .text.xQueueReceive
                0x08003e84      0x1c4 ./Middlewares/Third_Party/FreeRTOS/Source/queue.o
                0x08003e84                xQueueReceive
 .text.vQueueDelete
                0x08004048       0x48 ./Middlewares/Third_Party/FreeRTOS/Source/queue.o
                0x08004048                vQueueDelete
 .text.prvCopyDataToQueue
                0x08004090       0xd4 ./Middlewares/Third_Party/FreeRTOS/Source/queue.o
 .text.prvCopyDataFromQueue
                0x08004164       0x4c ./Middlewares/Third_Party/FreeRTOS/Source/queue.o
 .text.prvUnlockQueue
                0x080041b0       0xa4 ./Middlewares/Third_Party/FreeRTOS/Source/queue.o
 .text.prvIsQueueEmpty
                0x08004254       0x2c ./Middlewares/Third_Party/FreeRTOS/Source/queue.o
 .text.prvIsQueueFull
                0x08004280       0x30 ./Middlewares/Third_Party/FreeRTOS/Source/queue.o
 .text.vQueueAddToRegistry
                0x080042b0       0x54 ./Middlewares/Third_Party/FreeRTOS/Source/queue.o
                0x080042b0                vQueueAddToRegistry
 .text.vQueueUnregisterQueue
                0x08004304       0x54 ./Middlewares/Third_Party/FreeRTOS/Source/queue.o
                0x08004304                vQueueUnregisterQueue
 .text.vQueueWaitForMessageRestricted
                0x08004358       0x68 ./Middlewares/Third_Party/FreeRTOS/Source/queue.o
                0x08004358                vQueueWaitForMessageRestricted
 .text.xTaskCreateStatic
                0x080043c0       0xc0 ./Middlewares/Third_Party/FreeRTOS/Source/tasks.o
                0x080043c0                xTaskCreateStatic
 .text.xTaskCreate
                0x08004480       0x8a ./Middlewares/Third_Party/FreeRTOS/Source/tasks.o
                0x08004480                xTaskCreate
 .text.prvInitialiseNewTask
                0x0800450a      0x120 ./Middlewares/Third_Party/FreeRTOS/Source/tasks.o
 *fill*         0x0800462a        0x2 
 .text.prvAddNewTaskToReadyList
                0x0800462c       0xe0 ./Middlewares/Third_Party/FreeRTOS/Source/tasks.o
 .text.vTaskDelay
                0x0800470c       0x6c ./Middlewares/Third_Party/FreeRTOS/Source/tasks.o
                0x0800470c                vTaskDelay
 .text.vTaskStartScheduler
                0x08004778       0xd0 ./Middlewares/Third_Party/FreeRTOS/Source/tasks.o
                0x08004778                vTaskStartScheduler
 .text.vTaskSuspendAll
                0x08004848       0x1c ./Middlewares/Third_Party/FreeRTOS/Source/tasks.o
                0x08004848                vTaskSuspendAll
 .text.xTaskResumeAll
                0x08004864      0x13c ./Middlewares/Third_Party/FreeRTOS/Source/tasks.o
                0x08004864                xTaskResumeAll
 .text.xTaskGetTickCount
                0x080049a0       0x20 ./Middlewares/Third_Party/FreeRTOS/Source/tasks.o
                0x080049a0                xTaskGetTickCount
 .text.xTaskIncrementTick
                0x080049c0      0x174 ./Middlewares/Third_Party/FreeRTOS/Source/tasks.o
                0x080049c0                xTaskIncrementTick
 .text.vTaskSwitchContext
                0x08004b34       0xbc ./Middlewares/Third_Party/FreeRTOS/Source/tasks.o
                0x08004b34                vTaskSwitchContext
 .text.vTaskPlaceOnEventList
                0x08004bf0       0x4c ./Middlewares/Third_Party/FreeRTOS/Source/tasks.o
                0x08004bf0                vTaskPlaceOnEventList
 .text.vTaskPlaceOnEventListRestricted
                0x08004c3c       0x58 ./Middlewares/Third_Party/FreeRTOS/Source/tasks.o
                0x08004c3c                vTaskPlaceOnEventListRestricted
 .text.xTaskRemoveFromEventList
                0x08004c94       0xc8 ./Middlewares/Third_Party/FreeRTOS/Source/tasks.o
                0x08004c94                xTaskRemoveFromEventList
 .text.vTaskInternalSetTimeOutState
                0x08004d5c       0x2c ./Middlewares/Third_Party/FreeRTOS/Source/tasks.o
                0x08004d5c                vTaskInternalSetTimeOutState
 .text.xTaskCheckForTimeOut
                0x08004d88       0xc8 ./Middlewares/Third_Party/FreeRTOS/Source/tasks.o
                0x08004d88                xTaskCheckForTimeOut
 .text.vTaskMissedYield
                0x08004e50       0x18 ./Middlewares/Third_Party/FreeRTOS/Source/tasks.o
                0x08004e50                vTaskMissedYield
 .text.prvIdleTask
                0x08004e68       0x30 ./Middlewares/Third_Party/FreeRTOS/Source/tasks.o
 .text.prvInitialiseTaskLists
                0x08004e98       0x80 ./Middlewares/Third_Party/FreeRTOS/Source/tasks.o
 .text.prvCheckTasksWaitingTermination
                0x08004f18       0x5c ./Middlewares/Third_Party/FreeRTOS/Source/tasks.o
 .text.prvDeleteTCB
                0x08004f74       0x60 ./Middlewares/Third_Party/FreeRTOS/Source/tasks.o
 .text.prvResetNextTaskUnblockTime
                0x08004fd4       0x40 ./Middlewares/Third_Party/FreeRTOS/Source/tasks.o
 .text.xTaskGetSchedulerState
                0x08005014       0x3c ./Middlewares/Third_Party/FreeRTOS/Source/tasks.o
                0x08005014                xTaskGetSchedulerState
 .text.xTaskPriorityDisinherit
                0x08005050       0xe0 ./Middlewares/Third_Party/FreeRTOS/Source/tasks.o
                0x08005050                xTaskPriorityDisinherit
 .text.prvAddCurrentTaskToDelayedList
                0x08005130       0xa8 ./Middlewares/Third_Party/FreeRTOS/Source/tasks.o
 .text.xTimerCreateTimerTask
                0x080051d8       0x94 ./Middlewares/Third_Party/FreeRTOS/Source/timers.o
                0x080051d8                xTimerCreateTimerTask
 .text.xTimerCreate
                0x0800526c       0x42 ./Middlewares/Third_Party/FreeRTOS/Source/timers.o
                0x0800526c                xTimerCreate
 .text.xTimerCreateStatic
                0x080052ae       0x80 ./Middlewares/Third_Party/FreeRTOS/Source/timers.o
                0x080052ae                xTimerCreateStatic
 .text.prvInitialiseNewTimer
                0x0800532e       0x78 ./Middlewares/Third_Party/FreeRTOS/Source/timers.o
 *fill*         0x080053a6        0x2 
 .text.xTimerGenericCommand
                0x080053a8       0x9c ./Middlewares/Third_Party/FreeRTOS/Source/timers.o
                0x080053a8                xTimerGenericCommand
 .text.prvProcessExpiredTimer
                0x08005444       0x9c ./Middlewares/Third_Party/FreeRTOS/Source/timers.o
 .text.prvTimerTask
                0x080054e0       0x26 ./Middlewares/Third_Party/FreeRTOS/Source/timers.o
 *fill*         0x08005506        0x2 
 .text.prvProcessTimerOrBlockTask
                0x08005508       0x9c ./Middlewares/Third_Party/FreeRTOS/Source/timers.o
 .text.prvGetNextExpireTime
                0x080055a4       0x48 ./Middlewares/Third_Party/FreeRTOS/Source/timers.o
 .text.prvSampleTimeNow
                0x080055ec       0x40 ./Middlewares/Third_Party/FreeRTOS/Source/timers.o
 .text.prvInsertTimerInActiveList
                0x0800562c       0x84 ./Middlewares/Third_Party/FreeRTOS/Source/timers.o
 .text.prvProcessReceivedCommands
                0x080056b0      0x1cc ./Middlewares/Third_Party/FreeRTOS/Source/timers.o
 .text.prvSwitchTimerLists
                0x0800587c       0xcc ./Middlewares/Third_Party/FreeRTOS/Source/timers.o
 .text.prvCheckForValidListAndQueue
                0x08005948       0x80 ./Middlewares/Third_Party/FreeRTOS/Source/timers.o
 .text.pvTimerGetTimerID
                0x080059c8       0x42 ./Middlewares/Third_Party/FreeRTOS/Source/timers.o
                0x080059c8                pvTimerGetTimerID
 *fill*         0x08005a0a        0x2 
 .text.pxPortInitialiseStack
                0x08005a0c       0x68 ./Middlewares/Third_Party/FreeRTOS/Source/portable/GCC/ARM_CM4F/port.o
                0x08005a0c                pxPortInitialiseStack
 .text.prvTaskExitError
                0x08005a74       0x5c ./Middlewares/Third_Party/FreeRTOS/Source/portable/GCC/ARM_CM4F/port.o
 .text.SVC_Handler
                0x08005ad0       0x28 ./Middlewares/Third_Party/FreeRTOS/Source/portable/GCC/ARM_CM4F/port.o
                0x08005ad0                SVC_Handler
 .text.prvPortStartFirstTask
                0x08005af8       0x28 ./Middlewares/Third_Party/FreeRTOS/Source/portable/GCC/ARM_CM4F/port.o
 .text.xPortStartScheduler
                0x08005b20      0x148 ./Middlewares/Third_Party/FreeRTOS/Source/portable/GCC/ARM_CM4F/port.o
                0x08005b20                xPortStartScheduler
 .text.vPortEnterCritical
                0x08005c68       0x64 ./Middlewares/Third_Party/FreeRTOS/Source/portable/GCC/ARM_CM4F/port.o
                0x08005c68                vPortEnterCritical
 .text.vPortExitCritical
                0x08005ccc       0x54 ./Middlewares/Third_Party/FreeRTOS/Source/portable/GCC/ARM_CM4F/port.o
                0x08005ccc                vPortExitCritical
 .text.PendSV_Handler
                0x08005d20       0x68 ./Middlewares/Third_Party/FreeRTOS/Source/portable/GCC/ARM_CM4F/port.o
                0x08005d20                PendSV_Handler
 .text.xPortSysTickHandler
                0x08005d88       0x44 ./Middlewares/Third_Party/FreeRTOS/Source/portable/GCC/ARM_CM4F/port.o
                0x08005d88                xPortSysTickHandler
 .text.vPortSetupTimerInterrupt
                0x08005dcc       0x48 ./Middlewares/Third_Party/FreeRTOS/Source/portable/GCC/ARM_CM4F/port.o
                0x08005dcc                vPortSetupTimerInterrupt
 .text.vPortEnableVFP
                0x08005e14       0x14 ./Middlewares/Third_Party/FreeRTOS/Source/portable/GCC/ARM_CM4F/port.o
 .text.vPortValidateInterruptPriority
                0x08005e28       0x84 ./Middlewares/Third_Party/FreeRTOS/Source/portable/GCC/ARM_CM4F/port.o
                0x08005e28                vPortValidateInterruptPriority
 .text.pvPortMalloc
                0x08005eac      0x19c ./Middlewares/Third_Party/FreeRTOS/Source/portable/MemMang/heap_4.o
                0x08005eac                pvPortMalloc
 .text.vPortFree
                0x08006048       0xc8 ./Middlewares/Third_Party/FreeRTOS/Source/portable/MemMang/heap_4.o
                0x08006048                vPortFree
 .text.prvHeapInit
                0x08006110       0xc4 ./Middlewares/Third_Party/FreeRTOS/Source/portable/MemMang/heap_4.o
 .text.prvInsertBlockIntoFreeList
                0x080061d4       0xb4 ./Middlewares/Third_Party/FreeRTOS/Source/portable/MemMang/heap_4.o
 .text.sprintf  0x08006288       0x40 C:/Sw/ST/STM32CubeIDE_1.17.0/STM32CubeIDE/plugins/com.st.stm32cube.ide.mcu.externaltools.gnu-tools-for-stm32.12.3.rel1.win32_1.1.0.202410251130/tools/bin/../lib/gcc/arm-none-eabi/12.3.1/../../../../arm-none-eabi/lib/thumb/v7e-m+fp/hard\libc_nano.a(libc_a-sprintf.o)
                0x08006288                siprintf
                0x08006288                sprintf
 .text.memset   0x080062c8       0x10 C:/Sw/ST/STM32CubeIDE_1.17.0/STM32CubeIDE/plugins/com.st.stm32cube.ide.mcu.externaltools.gnu-tools-for-stm32.12.3.rel1.win32_1.1.0.202410251130/tools/bin/../lib/gcc/arm-none-eabi/12.3.1/../../../../arm-none-eabi/lib/thumb/v7e-m+fp/hard\libc_nano.a(libc_a-memset.o)
                0x080062c8                memset
 .text.__errno  0x080062d8        0xc C:/Sw/ST/STM32CubeIDE_1.17.0/STM32CubeIDE/plugins/com.st.stm32cube.ide.mcu.externaltools.gnu-tools-for-stm32.12.3.rel1.win32_1.1.0.202410251130/tools/bin/../lib/gcc/arm-none-eabi/12.3.1/../../../../arm-none-eabi/lib/thumb/v7e-m+fp/hard\libc_nano.a(libc_a-errno.o)
                0x080062d8                __errno
 .text.__libc_init_array
                0x080062e4       0x48 C:/Sw/ST/STM32CubeIDE_1.17.0/STM32CubeIDE/plugins/com.st.stm32cube.ide.mcu.externaltools.gnu-tools-for-stm32.12.3.rel1.win32_1.1.0.202410251130/tools/bin/../lib/gcc/arm-none-eabi/12.3.1/../../../../arm-none-eabi/lib/thumb/v7e-m+fp/hard\libc_nano.a(libc_a-init.o)
                0x080062e4                __libc_init_array
 .text.__retarget_lock_acquire_recursive
                0x0800632c        0x2 C:/Sw/ST/STM32CubeIDE_1.17.0/STM32CubeIDE/plugins/com.st.stm32cube.ide.mcu.externaltools.gnu-tools-for-stm32.12.3.rel1.win32_1.1.0.202410251130/tools/bin/../lib/gcc/arm-none-eabi/12.3.1/../../../../arm-none-eabi/lib/thumb/v7e-m+fp/hard\libc_nano.a(libc_a-lock.o)
                0x0800632c                __retarget_lock_acquire_recursive
 .text.__retarget_lock_release_recursive
                0x0800632e        0x2 C:/Sw/ST/STM32CubeIDE_1.17.0/STM32CubeIDE/plugins/com.st.stm32cube.ide.mcu.externaltools.gnu-tools-for-stm32.12.3.rel1.win32_1.1.0.202410251130/tools/bin/../lib/gcc/arm-none-eabi/12.3.1/../../../../arm-none-eabi/lib/thumb/v7e-m+fp/hard\libc_nano.a(libc_a-lock.o)
                0x0800632e                __retarget_lock_release_recursive
 .text.memcpy   0x08006330       0x1c C:/Sw/ST/STM32CubeIDE_1.17.0/STM32CubeIDE/plugins/com.st.stm32cube.ide.mcu.externaltools.gnu-tools-for-stm32.12.3.rel1.win32_1.1.0.202410251130/tools/bin/../lib/gcc/arm-none-eabi/12.3.1/../../../../arm-none-eabi/lib/thumb/v7e-m+fp/hard\libc_nano.a(libc_a-memcpy-stub.o)
                0x08006330                memcpy
 .text._free_r  0x0800634c       0x94 C:/Sw/ST/STM32CubeIDE_1.17.0/STM32CubeIDE/plugins/com.st.stm32cube.ide.mcu.externaltools.gnu-tools-for-stm32.12.3.rel1.win32_1.1.0.202410251130/tools/bin/../lib/gcc/arm-none-eabi/12.3.1/../../../../arm-none-eabi/lib/thumb/v7e-m+fp/hard\libc_nano.a(libc_a-freer.o)
                0x0800634c                _free_r
 .text.sbrk_aligned
                0x080063e0       0x44 C:/Sw/ST/STM32CubeIDE_1.17.0/STM32CubeIDE/plugins/com.st.stm32cube.ide.mcu.externaltools.gnu-tools-for-stm32.12.3.rel1.win32_1.1.0.202410251130/tools/bin/../lib/gcc/arm-none-eabi/12.3.1/../../../../arm-none-eabi/lib/thumb/v7e-m+fp/hard\libc_nano.a(libc_a-mallocr.o)
 .text._malloc_r
                0x08006424      0x100 C:/Sw/ST/STM32CubeIDE_1.17.0/STM32CubeIDE/plugins/com.st.stm32cube.ide.mcu.externaltools.gnu-tools-for-stm32.12.3.rel1.win32_1.1.0.202410251130/tools/bin/../lib/gcc/arm-none-eabi/12.3.1/../../../../arm-none-eabi/lib/thumb/v7e-m+fp/hard\libc_nano.a(libc_a-mallocr.o)
                0x08006424                _malloc_r
 .text.__malloc_lock
                0x08006524        0xc C:/Sw/ST/STM32CubeIDE_1.17.0/STM32CubeIDE/plugins/com.st.stm32cube.ide.mcu.externaltools.gnu-tools-for-stm32.12.3.rel1.win32_1.1.0.202410251130/tools/bin/../lib/gcc/arm-none-eabi/12.3.1/../../../../arm-none-eabi/lib/thumb/v7e-m+fp/hard\libc_nano.a(libc_a-mlock.o)
                0x08006524                __malloc_lock
 .text.__malloc_unlock
                0x08006530        0xc C:/Sw/ST/STM32CubeIDE_1.17.0/STM32CubeIDE/plugins/com.st.stm32cube.ide.mcu.externaltools.gnu-tools-for-stm32.12.3.rel1.win32_1.1.0.202410251130/tools/bin/../lib/gcc/arm-none-eabi/12.3.1/../../../../arm-none-eabi/lib/thumb/v7e-m+fp/hard\libc_nano.a(libc_a-mlock.o)
                0x08006530                __malloc_unlock
 .text.__ssputs_r
                0x0800653c       0xb6 C:/Sw/ST/STM32CubeIDE_1.17.0/STM32CubeIDE/plugins/com.st.stm32cube.ide.mcu.externaltools.gnu-tools-for-stm32.12.3.rel1.win32_1.1.0.202410251130/tools/bin/../lib/gcc/arm-none-eabi/12.3.1/../../../../arm-none-eabi/lib/thumb/v7e-m+fp/hard\libc_nano.a(libc_a-nano-svfprintf.o)
                0x0800653c                __ssputs_r
 *fill*         0x080065f2        0x2 
 .text._svfprintf_r
                0x080065f4      0x1f8 C:/Sw/ST/STM32CubeIDE_1.17.0/STM32CubeIDE/plugins/com.st.stm32cube.ide.mcu.externaltools.gnu-tools-for-stm32.12.3.rel1.win32_1.1.0.202410251130/tools/bin/../lib/gcc/arm-none-eabi/12.3.1/../../../../arm-none-eabi/lib/thumb/v7e-m+fp/hard\libc_nano.a(libc_a-nano-svfprintf.o)
                0x080065f4                _svfiprintf_r
                0x080065f4                _svfprintf_r
 .text._printf_common
                0x080067ec       0xda C:/Sw/ST/STM32CubeIDE_1.17.0/STM32CubeIDE/plugins/com.st.stm32cube.ide.mcu.externaltools.gnu-tools-for-stm32.12.3.rel1.win32_1.1.0.202410251130/tools/bin/../lib/gcc/arm-none-eabi/12.3.1/../../../../arm-none-eabi/lib/thumb/v7e-m+fp/hard\libc_nano.a(libc_a-nano-vfprintf_i.o)
                0x080067ec                _printf_common
 *fill*         0x080068c6        0x2 
 .text._printf_i
                0x080068c8      0x240 C:/Sw/ST/STM32CubeIDE_1.17.0/STM32CubeIDE/plugins/com.st.stm32cube.ide.mcu.externaltools.gnu-tools-for-stm32.12.3.rel1.win32_1.1.0.202410251130/tools/bin/../lib/gcc/arm-none-eabi/12.3.1/../../../../arm-none-eabi/lib/thumb/v7e-m+fp/hard\libc_nano.a(libc_a-nano-vfprintf_i.o)
                0x080068c8                _printf_i
 .text.memmove  0x08006b08       0x34 C:/Sw/ST/STM32CubeIDE_1.17.0/STM32CubeIDE/plugins/com.st.stm32cube.ide.mcu.externaltools.gnu-tools-for-stm32.12.3.rel1.win32_1.1.0.202410251130/tools/bin/../lib/gcc/arm-none-eabi/12.3.1/../../../../arm-none-eabi/lib/thumb/v7e-m+fp/hard\libc_nano.a(libc_a-memmove.o)
                0x08006b08                memmove
 .text._sbrk_r  0x08006b3c       0x20 C:/Sw/ST/STM32CubeIDE_1.17.0/STM32CubeIDE/plugins/com.st.stm32cube.ide.mcu.externaltools.gnu-tools-for-stm32.12.3.rel1.win32_1.1.0.202410251130/tools/bin/../lib/gcc/arm-none-eabi/12.3.1/../../../../arm-none-eabi/lib/thumb/v7e-m+fp/hard\libc_nano.a(libc_a-sbrkr.o)
                0x08006b3c                _sbrk_r
 .text._realloc_r
                0x08006b5c       0x5c C:/Sw/ST/STM32CubeIDE_1.17.0/STM32CubeIDE/plugins/com.st.stm32cube.ide.mcu.externaltools.gnu-tools-for-stm32.12.3.rel1.win32_1.1.0.202410251130/tools/bin/../lib/gcc/arm-none-eabi/12.3.1/../../../../arm-none-eabi/lib/thumb/v7e-m+fp/hard\libc_nano.a(libc_a-reallocr.o)
                0x08006b5c                _realloc_r
 .text._malloc_usable_size_r
                0x08006bb8       0x10 C:/Sw/ST/STM32CubeIDE_1.17.0/STM32CubeIDE/plugins/com.st.stm32cube.ide.mcu.externaltools.gnu-tools-for-stm32.12.3.rel1.win32_1.1.0.202410251130/tools/bin/../lib/gcc/arm-none-eabi/12.3.1/../../../../arm-none-eabi/lib/thumb/v7e-m+fp/hard\libc_nano.a(libc_a-msizer.o)
                0x08006bb8                _malloc_usable_size_r
 *(.glue_7)
 .glue_7        0x08006bc8        0x0 linker stubs
 *(.glue_7t)
 .glue_7t       0x08006bc8        0x0 linker stubs
 *(.eh_frame)
 .eh_frame      0x08006bc8        0x0 C:/Sw/ST/STM32CubeIDE_1.17.0/STM32CubeIDE/plugins/com.st.stm32cube.ide.mcu.externaltools.gnu-tools-for-stm32.12.3.rel1.win32_1.1.0.202410251130/tools/bin/../lib/gcc/arm-none-eabi/12.3.1/thumb/v7e-m+fp/hard/crtbegin.o
 *(.init)
 .init          0x08006bc8        0x4 C:/Sw/ST/STM32CubeIDE_1.17.0/STM32CubeIDE/plugins/com.st.stm32cube.ide.mcu.externaltools.gnu-tools-for-stm32.12.3.rel1.win32_1.1.0.202410251130/tools/bin/../lib/gcc/arm-none-eabi/12.3.1/thumb/v7e-m+fp/hard/crti.o
                0x08006bc8                _init
 .init          0x08006bcc        0x8 C:/Sw/ST/STM32CubeIDE_1.17.0/STM32CubeIDE/plugins/com.st.stm32cube.ide.mcu.externaltools.gnu-tools-for-stm32.12.3.rel1.win32_1.1.0.202410251130/tools/bin/../lib/gcc/arm-none-eabi/12.3.1/thumb/v7e-m+fp/hard/crtn.o
 *(.fini)
 .fini          0x08006bd4        0x4 C:/Sw/ST/STM32CubeIDE_1.17.0/STM32CubeIDE/plugins/com.st.stm32cube.ide.mcu.externaltools.gnu-tools-for-stm32.12.3.rel1.win32_1.1.0.202410251130/tools/bin/../lib/gcc/arm-none-eabi/12.3.1/thumb/v7e-m+fp/hard/crti.o
                0x08006bd4                _fini
 .fini          0x08006bd8        0x8 C:/Sw/ST/STM32CubeIDE_1.17.0/STM32CubeIDE/plugins/com.st.stm32cube.ide.mcu.externaltools.gnu-tools-for-stm32.12.3.rel1.win32_1.1.0.202410251130/tools/bin/../lib/gcc/arm-none-eabi/12.3.1/thumb/v7e-m+fp/hard/crtn.o
                0x08006be0                        . = ALIGN (0x4)
                0x08006be0                        _etext = .

.vfp11_veneer   0x08006be0        0x0
 .vfp11_veneer  0x08006be0        0x0 linker stubs

.v4_bx          0x08006be0        0x0
 .v4_bx         0x08006be0        0x0 linker stubs

.iplt           0x08006be0        0x0
 .iplt          0x08006be0        0x0 C:/Sw/ST/STM32CubeIDE_1.17.0/STM32CubeIDE/plugins/com.st.stm32cube.ide.mcu.externaltools.gnu-tools-for-stm32.12.3.rel1.win32_1.1.0.202410251130/tools/bin/../lib/gcc/arm-none-eabi/12.3.1/thumb/v7e-m+fp/hard/crtbegin.o

.rodata         0x08006be0      0x230
                0x08006be0                        . = ALIGN (0x4)
 *(.rodata)
 .rodata        0x08006be0       0xc7 ./Core/Rtos/freertos.o
 *fill*         0x08006ca7        0x1 
 .rodata        0x08006ca8       0x22 ./Core/main.o
 *fill*         0x08006cca        0x2 
 .rodata        0x08006ccc        0x5 ./Middlewares/Third_Party/FreeRTOS/Source/tasks.o
 *fill*         0x08006cd1        0x3 
 .rodata        0x08006cd4        0xd ./Middlewares/Third_Party/FreeRTOS/Source/timers.o
 *(.rodata*)
 *fill*         0x08006ce1        0x3 
 .rodata.sysTask_attributes
                0x08006ce4       0x24 ./Core/Rtos/freertos.o
                0x08006ce4                sysTask_attributes
 .rodata.dataTask_attributes
                0x08006d08       0x24 ./Core/Rtos/freertos.o
                0x08006d08                dataTask_attributes
 .rodata.dispTask_attributes
                0x08006d2c       0x24 ./Core/Rtos/freertos.o
                0x08006d2c                dispTask_attributes
 .rodata.ctrlTask_attributes
                0x08006d50       0x24 ./Core/Rtos/freertos.o
                0x08006d50                ctrlTask_attributes
 .rodata.osTimer_attributes
                0x08006d74       0x10 ./Core/Rtos/freertos.o
                0x08006d74                osTimer_attributes
 .rodata.dataMutex_attributes
                0x08006d84       0x10 ./Core/Rtos/freertos.o
                0x08006d84                dataMutex_attributes
 .rodata.ctrlSem_attributes
                0x08006d94       0x10 ./Core/Rtos/freertos.o
                0x08006d94                ctrlSem_attributes
 .rodata.cntrSem_attributes
                0x08006da4       0x10 ./Core/Rtos/freertos.o
                0x08006da4                cntrSem_attributes
 .rodata.dataStore_attributes
                0x08006db4       0x10 ./Core/Rtos/freertos.o
                0x08006db4                dataStore_attributes
 .rodata.AHBPrescTable
                0x08006dc4       0x10 ./Core/System/system_stm32f4xx.o
                0x08006dc4                AHBPrescTable
 .rodata.APBPrescTable
                0x08006dd4        0x8 ./Core/System/system_stm32f4xx.o
                0x08006dd4                APBPrescTable
 .rodata._svfprintf_r.str1.1
                0x08006ddc       0x11 C:/Sw/ST/STM32CubeIDE_1.17.0/STM32CubeIDE/plugins/com.st.stm32cube.ide.mcu.externaltools.gnu-tools-for-stm32.12.3.rel1.win32_1.1.0.202410251130/tools/bin/../lib/gcc/arm-none-eabi/12.3.1/../../../../arm-none-eabi/lib/thumb/v7e-m+fp/hard\libc_nano.a(libc_a-nano-svfprintf.o)
 .rodata._printf_i.str1.1
                0x08006ded       0x22 C:/Sw/ST/STM32CubeIDE_1.17.0/STM32CubeIDE/plugins/com.st.stm32cube.ide.mcu.externaltools.gnu-tools-for-stm32.12.3.rel1.win32_1.1.0.202410251130/tools/bin/../lib/gcc/arm-none-eabi/12.3.1/../../../../arm-none-eabi/lib/thumb/v7e-m+fp/hard\libc_nano.a(libc_a-nano-vfprintf_i.o)
                0x08006e10                        . = ALIGN (0x4)
 *fill*         0x08006e0f        0x1 

.ARM.extab      0x08006e10        0x0
                0x08006e10                        . = ALIGN (0x4)
 *(.ARM.extab* .gnu.linkonce.armextab.*)
                0x08006e10                        . = ALIGN (0x4)

.ARM            0x08006e10        0x8
                0x08006e10                        . = ALIGN (0x4)
                0x08006e10                        __exidx_start = .
 *(.ARM.exidx*)
 .ARM.exidx     0x08006e10        0x8 C:/Sw/ST/STM32CubeIDE_1.17.0/STM32CubeIDE/plugins/com.st.stm32cube.ide.mcu.externaltools.gnu-tools-for-stm32.12.3.rel1.win32_1.1.0.202410251130/tools/bin/../lib/gcc/arm-none-eabi/12.3.1/../../../../arm-none-eabi/lib/thumb/v7e-m+fp/hard\libc_nano.a(libc_a-strlen.o)
 .ARM.exidx     0x08006e18        0x0 C:/Sw/ST/STM32CubeIDE_1.17.0/STM32CubeIDE/plugins/com.st.stm32cube.ide.mcu.externaltools.gnu-tools-for-stm32.12.3.rel1.win32_1.1.0.202410251130/tools/bin/../lib/gcc/arm-none-eabi/12.3.1/../../../../arm-none-eabi/lib/thumb/v7e-m+fp/hard\libc_nano.a(libc_a-memchr.o)
                                  0x8 (size before relaxing)
 .ARM.exidx     0x08006e18        0x0 C:/Sw/ST/STM32CubeIDE_1.17.0/STM32CubeIDE/plugins/com.st.stm32cube.ide.mcu.externaltools.gnu-tools-for-stm32.12.3.rel1.win32_1.1.0.202410251130/tools/bin/../lib/gcc/arm-none-eabi/12.3.1/thumb/v7e-m+fp/hard\libgcc.a(_udivmoddi4.o)
                                  0x8 (size before relaxing)
                0x08006e18                        __exidx_end = .
                0x08006e18                        . = ALIGN (0x4)

.preinit_array  0x08006e18        0x0
                0x08006e18                        . = ALIGN (0x4)
                0x08006e18                        PROVIDE (__preinit_array_start = .)
 *(.preinit_array*)
                0x08006e18                        PROVIDE (__preinit_array_end = .)
                0x08006e18                        . = ALIGN (0x4)

.init_array     0x08006e18        0x4
                0x08006e18                        . = ALIGN (0x4)
                0x08006e18                        PROVIDE (__init_array_start = .)
 *(SORT_BY_NAME(.init_array.*))
 *(.init_array*)
 .init_array    0x08006e18        0x4 C:/Sw/ST/STM32CubeIDE_1.17.0/STM32CubeIDE/plugins/com.st.stm32cube.ide.mcu.externaltools.gnu-tools-for-stm32.12.3.rel1.win32_1.1.0.202410251130/tools/bin/../lib/gcc/arm-none-eabi/12.3.1/thumb/v7e-m+fp/hard/crtbegin.o
                0x08006e1c                        PROVIDE (__init_array_end = .)
                0x08006e1c                        . = ALIGN (0x4)

.fini_array     0x08006e1c        0x4
                0x08006e1c                        . = ALIGN (0x4)
                [!provide]                        PROVIDE (__fini_array_start = .)
 *(SORT_BY_NAME(.fini_array.*))
 *(.fini_array*)
 .fini_array    0x08006e1c        0x4 C:/Sw/ST/STM32CubeIDE_1.17.0/STM32CubeIDE/plugins/com.st.stm32cube.ide.mcu.externaltools.gnu-tools-for-stm32.12.3.rel1.win32_1.1.0.202410251130/tools/bin/../lib/gcc/arm-none-eabi/12.3.1/thumb/v7e-m+fp/hard/crtbegin.o
                [!provide]                        PROVIDE (__fini_array_end = .)
                0x08006e20                        . = ALIGN (0x4)
                0x08006e20                        _sidata = LOADADDR (.data)

.rel.dyn        0x08006e20        0x0
 .rel.iplt      0x08006e20        0x0 C:/Sw/ST/STM32CubeIDE_1.17.0/STM32CubeIDE/plugins/com.st.stm32cube.ide.mcu.externaltools.gnu-tools-for-stm32.12.3.rel1.win32_1.1.0.202410251130/tools/bin/../lib/gcc/arm-none-eabi/12.3.1/thumb/v7e-m+fp/hard/crtbegin.o

.data           0x20000000       0x60 load address 0x08006e20
                0x20000000                        . = ALIGN (0x4)
                0x20000000                        _sdata = .
 *(.data)
 *(.data*)
 .data.SystemCoreClock
                0x20000000        0x4 ./Core/System/system_stm32f4xx.o
                0x20000000                SystemCoreClock
 .data.uwTickPrio
                0x20000004        0x4 ./Drivers/STM32F4xx_HAL_Driver/Src/stm32f4xx_hal.o
                0x20000004                uwTickPrio
 .data.uwTickFreq
                0x20000008        0x1 ./Drivers/STM32F4xx_HAL_Driver/Src/stm32f4xx_hal.o
                0x20000008                uwTickFreq
 *fill*         0x20000009        0x3 
 .data.uxCriticalNesting
                0x2000000c        0x4 ./Middlewares/Third_Party/FreeRTOS/Source/portable/GCC/ARM_CM4F/port.o
 .data._impure_ptr
                0x20000010        0x4 C:/Sw/ST/STM32CubeIDE_1.17.0/STM32CubeIDE/plugins/com.st.stm32cube.ide.mcu.externaltools.gnu-tools-for-stm32.12.3.rel1.win32_1.1.0.202410251130/tools/bin/../lib/gcc/arm-none-eabi/12.3.1/../../../../arm-none-eabi/lib/thumb/v7e-m+fp/hard\libc_nano.a(libc_a-impure.o)
                0x20000010                _impure_ptr
 .data._impure_data
                0x20000014       0x4c C:/Sw/ST/STM32CubeIDE_1.17.0/STM32CubeIDE/plugins/com.st.stm32cube.ide.mcu.externaltools.gnu-tools-for-stm32.12.3.rel1.win32_1.1.0.202410251130/tools/bin/../lib/gcc/arm-none-eabi/12.3.1/../../../../arm-none-eabi/lib/thumb/v7e-m+fp/hard\libc_nano.a(libc_a-impure.o)
                0x20000014                _impure_data
 *(.RamFunc)
 *(.RamFunc*)
                0x20000060                        . = ALIGN (0x4)
                0x20000060                        _edata = .

.igot.plt       0x20000060        0x0 load address 0x08006e80
 .igot.plt      0x20000060        0x0 C:/Sw/ST/STM32CubeIDE_1.17.0/STM32CubeIDE/plugins/com.st.stm32cube.ide.mcu.externaltools.gnu-tools-for-stm32.12.3.rel1.win32_1.1.0.202410251130/tools/bin/../lib/gcc/arm-none-eabi/12.3.1/thumb/v7e-m+fp/hard/crtbegin.o
                0x20000060                        . = ALIGN (0x4)

.bss            0x20000060     0x4b70 load address 0x08006e80
                0x20000060                        _sbss = .
                0x20000060                        __bss_start__ = _sbss
 *(.bss)
 .bss           0x20000060       0x1c C:/Sw/ST/STM32CubeIDE_1.17.0/STM32CubeIDE/plugins/com.st.stm32cube.ide.mcu.externaltools.gnu-tools-for-stm32.12.3.rel1.win32_1.1.0.202410251130/tools/bin/../lib/gcc/arm-none-eabi/12.3.1/thumb/v7e-m+fp/hard/crtbegin.o
 *(.bss*)
 .bss.sysTaskHandle
                0x2000007c        0x4 ./Core/Rtos/freertos.o
                0x2000007c                sysTaskHandle
 .bss.dataTaskHandle
                0x20000080        0x4 ./Core/Rtos/freertos.o
                0x20000080                dataTaskHandle
 .bss.dispTaskHandle
                0x20000084        0x4 ./Core/Rtos/freertos.o
                0x20000084                dispTaskHandle
 .bss.ctrlTaskHandle
                0x20000088        0x4 ./Core/Rtos/freertos.o
                0x20000088                ctrlTaskHandle
 .bss.osTimerHandle
                0x2000008c        0x4 ./Core/Rtos/freertos.o
                0x2000008c                osTimerHandle
 .bss.dataMutexHandle
                0x20000090        0x4 ./Core/Rtos/freertos.o
                0x20000090                dataMutexHandle
 .bss.ctrlSemHandle
                0x20000094        0x4 ./Core/Rtos/freertos.o
                0x20000094                ctrlSemHandle
 .bss.cntrSemHandle
                0x20000098        0x4 ./Core/Rtos/freertos.o
                0x20000098                cntrSemHandle
 .bss.dataStoreHandle
                0x2000009c        0x4 ./Core/Rtos/freertos.o
                0x2000009c                dataStoreHandle
 .bss.__sbrk_heap_end
                0x200000a0        0x4 ./Core/System/sysmem.o
 .bss.htim1     0x200000a4       0x48 ./Core/main.o
                0x200000a4                htim1
 .bss.huart2    0x200000ec       0x48 ./Core/main.o
                0x200000ec                huart2
 .bss.uwTick    0x20000134        0x4 ./Drivers/STM32F4xx_HAL_Driver/Src/stm32f4xx_hal.o
                0x20000134                uwTick
 .bss.KernelState
                0x20000138        0x4 ./Middlewares/Third_Party/FreeRTOS/Source/CMSIS_RTOS_V2/cmsis_os2.o
 .bss.Idle_TCB.3
                0x2000013c       0x5c ./Middlewares/Third_Party/FreeRTOS/Source/CMSIS_RTOS_V2/cmsis_os2.o
 .bss.Idle_Stack.2
                0x20000198      0x200 ./Middlewares/Third_Party/FreeRTOS/Source/CMSIS_RTOS_V2/cmsis_os2.o
 .bss.Timer_TCB.1
                0x20000398       0x5c ./Middlewares/Third_Party/FreeRTOS/Source/CMSIS_RTOS_V2/cmsis_os2.o
 .bss.Timer_Stack.0
                0x200003f4      0x400 ./Middlewares/Third_Party/FreeRTOS/Source/CMSIS_RTOS_V2/cmsis_os2.o
 .bss.xQueueRegistry
                0x200007f4       0x40 ./Middlewares/Third_Party/FreeRTOS/Source/queue.o
                0x200007f4                xQueueRegistry
 .bss.pxCurrentTCB
                0x20000834        0x4 ./Middlewares/Third_Party/FreeRTOS/Source/tasks.o
                0x20000834                pxCurrentTCB
 .bss.pxReadyTasksLists
                0x20000838      0x460 ./Middlewares/Third_Party/FreeRTOS/Source/tasks.o
 .bss.xDelayedTaskList1
                0x20000c98       0x14 ./Middlewares/Third_Party/FreeRTOS/Source/tasks.o
 .bss.xDelayedTaskList2
                0x20000cac       0x14 ./Middlewares/Third_Party/FreeRTOS/Source/tasks.o
 .bss.pxDelayedTaskList
                0x20000cc0        0x4 ./Middlewares/Third_Party/FreeRTOS/Source/tasks.o
 .bss.pxOverflowDelayedTaskList
                0x20000cc4        0x4 ./Middlewares/Third_Party/FreeRTOS/Source/tasks.o
 .bss.xPendingReadyList
                0x20000cc8       0x14 ./Middlewares/Third_Party/FreeRTOS/Source/tasks.o
 .bss.xTasksWaitingTermination
                0x20000cdc       0x14 ./Middlewares/Third_Party/FreeRTOS/Source/tasks.o
 .bss.uxDeletedTasksWaitingCleanUp
                0x20000cf0        0x4 ./Middlewares/Third_Party/FreeRTOS/Source/tasks.o
 .bss.xSuspendedTaskList
                0x20000cf4       0x14 ./Middlewares/Third_Party/FreeRTOS/Source/tasks.o
 .bss.uxCurrentNumberOfTasks
                0x20000d08        0x4 ./Middlewares/Third_Party/FreeRTOS/Source/tasks.o
 .bss.xTickCount
                0x20000d0c        0x4 ./Middlewares/Third_Party/FreeRTOS/Source/tasks.o
 .bss.uxTopReadyPriority
                0x20000d10        0x4 ./Middlewares/Third_Party/FreeRTOS/Source/tasks.o
 .bss.xSchedulerRunning
                0x20000d14        0x4 ./Middlewares/Third_Party/FreeRTOS/Source/tasks.o
 .bss.xPendedTicks
                0x20000d18        0x4 ./Middlewares/Third_Party/FreeRTOS/Source/tasks.o
 .bss.xYieldPending
                0x20000d1c        0x4 ./Middlewares/Third_Party/FreeRTOS/Source/tasks.o
 .bss.xNumOfOverflows
                0x20000d20        0x4 ./Middlewares/Third_Party/FreeRTOS/Source/tasks.o
 .bss.uxTaskNumber
                0x20000d24        0x4 ./Middlewares/Third_Party/FreeRTOS/Source/tasks.o
 .bss.xNextTaskUnblockTime
                0x20000d28        0x4 ./Middlewares/Third_Party/FreeRTOS/Source/tasks.o
 .bss.xIdleTaskHandle
                0x20000d2c        0x4 ./Middlewares/Third_Party/FreeRTOS/Source/tasks.o
 .bss.uxSchedulerSuspended
                0x20000d30        0x4 ./Middlewares/Third_Party/FreeRTOS/Source/tasks.o
 .bss.xActiveTimerList1
                0x20000d34       0x14 ./Middlewares/Third_Party/FreeRTOS/Source/timers.o
 .bss.xActiveTimerList2
                0x20000d48       0x14 ./Middlewares/Third_Party/FreeRTOS/Source/timers.o
 .bss.pxCurrentTimerList
                0x20000d5c        0x4 ./Middlewares/Third_Party/FreeRTOS/Source/timers.o
 .bss.pxOverflowTimerList
                0x20000d60        0x4 ./Middlewares/Third_Party/FreeRTOS/Source/timers.o
 .bss.xTimerQueue
                0x20000d64        0x4 ./Middlewares/Third_Party/FreeRTOS/Source/timers.o
 .bss.xTimerTaskHandle
                0x20000d68        0x4 ./Middlewares/Third_Party/FreeRTOS/Source/timers.o
 .bss.xLastTime.2
                0x20000d6c        0x4 ./Middlewares/Third_Party/FreeRTOS/Source/timers.o
 .bss.ucStaticTimerQueueStorage.1
                0x20000d70       0xa0 ./Middlewares/Third_Party/FreeRTOS/Source/timers.o
 .bss.xStaticTimerQueue.0
                0x20000e10       0x50 ./Middlewares/Third_Party/FreeRTOS/Source/timers.o
 .bss.ucMaxSysCallPriority
                0x20000e60        0x1 ./Middlewares/Third_Party/FreeRTOS/Source/portable/GCC/ARM_CM4F/port.o
 *fill*         0x20000e61        0x3 
 .bss.ulMaxPRIGROUPValue
                0x20000e64        0x4 ./Middlewares/Third_Party/FreeRTOS/Source/portable/GCC/ARM_CM4F/port.o
 .bss.ucHeap    0x20000e68     0x3c00 ./Middlewares/Third_Party/FreeRTOS/Source/portable/MemMang/heap_4.o
 .bss.xStart    0x20004a68        0x8 ./Middlewares/Third_Party/FreeRTOS/Source/portable/MemMang/heap_4.o
 .bss.pxEnd     0x20004a70        0x4 ./Middlewares/Third_Party/FreeRTOS/Source/portable/MemMang/heap_4.o
 .bss.xFreeBytesRemaining
                0x20004a74        0x4 ./Middlewares/Third_Party/FreeRTOS/Source/portable/MemMang/heap_4.o
 .bss.xMinimumEverFreeBytesRemaining
                0x20004a78        0x4 ./Middlewares/Third_Party/FreeRTOS/Source/portable/MemMang/heap_4.o
 .bss.xNumberOfSuccessfulAllocations
                0x20004a7c        0x4 ./Middlewares/Third_Party/FreeRTOS/Source/portable/MemMang/heap_4.o
 .bss.xNumberOfSuccessfulFrees
                0x20004a80        0x4 ./Middlewares/Third_Party/FreeRTOS/Source/portable/MemMang/heap_4.o
 .bss.xBlockAllocatedBit
                0x20004a84        0x4 ./Middlewares/Third_Party/FreeRTOS/Source/portable/MemMang/heap_4.o
 .bss.__sf      0x20004a88      0x138 C:/Sw/ST/STM32CubeIDE_1.17.0/STM32CubeIDE/plugins/com.st.stm32cube.ide.mcu.externaltools.gnu-tools-for-stm32.12.3.rel1.win32_1.1.0.202410251130/tools/bin/../lib/gcc/arm-none-eabi/12.3.1/../../../../arm-none-eabi/lib/thumb/v7e-m+fp/hard\libc_nano.a(libc_a-findfp.o)
                0x20004a88                __sf
 .bss.errno     0x20004bc0        0x4 C:/Sw/ST/STM32CubeIDE_1.17.0/STM32CubeIDE/plugins/com.st.stm32cube.ide.mcu.externaltools.gnu-tools-for-stm32.12.3.rel1.win32_1.1.0.202410251130/tools/bin/../lib/gcc/arm-none-eabi/12.3.1/../../../../arm-none-eabi/lib/thumb/v7e-m+fp/hard\libc_nano.a(libc_a-reent.o)
                0x20004bc0                errno
 .bss.__lock___malloc_recursive_mutex
                0x20004bc4        0x1 C:/Sw/ST/STM32CubeIDE_1.17.0/STM32CubeIDE/plugins/com.st.stm32cube.ide.mcu.externaltools.gnu-tools-for-stm32.12.3.rel1.win32_1.1.0.202410251130/tools/bin/../lib/gcc/arm-none-eabi/12.3.1/../../../../arm-none-eabi/lib/thumb/v7e-m+fp/hard\libc_nano.a(libc_a-lock.o)
                0x20004bc4                __lock___malloc_recursive_mutex
 *fill*         0x20004bc5        0x3 
 .bss.__malloc_sbrk_start
                0x20004bc8        0x4 C:/Sw/ST/STM32CubeIDE_1.17.0/STM32CubeIDE/plugins/com.st.stm32cube.ide.mcu.externaltools.gnu-tools-for-stm32.12.3.rel1.win32_1.1.0.202410251130/tools/bin/../lib/gcc/arm-none-eabi/12.3.1/../../../../arm-none-eabi/lib/thumb/v7e-m+fp/hard\libc_nano.a(libc_a-mallocr.o)
                0x20004bc8                __malloc_sbrk_start
 .bss.__malloc_free_list
                0x20004bcc        0x4 C:/Sw/ST/STM32CubeIDE_1.17.0/STM32CubeIDE/plugins/com.st.stm32cube.ide.mcu.externaltools.gnu-tools-for-stm32.12.3.rel1.win32_1.1.0.202410251130/tools/bin/../lib/gcc/arm-none-eabi/12.3.1/../../../../arm-none-eabi/lib/thumb/v7e-m+fp/hard\libc_nano.a(libc_a-mallocr.o)
                0x20004bcc                __malloc_free_list
 *(COMMON)
                0x20004bd0                        . = ALIGN (0x4)
                0x20004bd0                        _ebss = .
                0x20004bd0                        __bss_end__ = _ebss

._user_heap_stack
                0x20004bd0      0x600 load address 0x08006e80
                0x20004bd0                        . = ALIGN (0x8)
                [!provide]                        PROVIDE (end = .)
                0x20004bd0                        PROVIDE (_end = .)
                0x20004dd0                        . = (. + _Min_Heap_Size)
 *fill*         0x20004bd0      0x200 
                0x200051d0                        . = (. + _Min_Stack_Size)
 *fill*         0x20004dd0      0x400 
                0x200051d0                        . = ALIGN (0x8)

/DISCARD/
 libc.a(*)
 libm.a(*)
 libgcc.a(*)

.ARM.attributes
                0x00000000       0x30
 *(.ARM.attributes)
 .ARM.attributes
                0x00000000       0x22 C:/Sw/ST/STM32CubeIDE_1.17.0/STM32CubeIDE/plugins/com.st.stm32cube.ide.mcu.externaltools.gnu-tools-for-stm32.12.3.rel1.win32_1.1.0.202410251130/tools/bin/../lib/gcc/arm-none-eabi/12.3.1/thumb/v7e-m+fp/hard/crti.o
 .ARM.attributes
                0x00000022       0x34 C:/Sw/ST/STM32CubeIDE_1.17.0/STM32CubeIDE/plugins/com.st.stm32cube.ide.mcu.externaltools.gnu-tools-for-stm32.12.3.rel1.win32_1.1.0.202410251130/tools/bin/../lib/gcc/arm-none-eabi/12.3.1/thumb/v7e-m+fp/hard/crtbegin.o
 .ARM.attributes
                0x00000056       0x34 ./Core/Mcu/stm32f4xx_hal_msp.o
 .ARM.attributes
                0x0000008a       0x34 ./Core/Mcu/stm32f4xx_it.o
 .ARM.attributes
                0x000000be       0x34 ./Core/Rtos/freertos.o
 .ARM.attributes
                0x000000f2       0x21 ./Core/System/Startup/startup_stm32f446retx.o
 .ARM.attributes
                0x00000113       0x34 ./Core/System/sysmem.o
 .ARM.attributes
                0x00000147       0x34 ./Core/System/system_stm32f4xx.o
 .ARM.attributes
                0x0000017b       0x34 ./Core/main.o
 .ARM.attributes
                0x000001af       0x34 ./Drivers/STM32F4xx_HAL_Driver/Src/stm32f4xx_hal.o
 .ARM.attributes
                0x000001e3       0x34 ./Drivers/STM32F4xx_HAL_Driver/Src/stm32f4xx_hal_cortex.o
 .ARM.attributes
                0x00000217       0x34 ./Drivers/STM32F4xx_HAL_Driver/Src/stm32f4xx_hal_gpio.o
 .ARM.attributes
                0x0000024b       0x34 ./Drivers/STM32F4xx_HAL_Driver/Src/stm32f4xx_hal_rcc.o
 .ARM.attributes
                0x0000027f       0x34 ./Drivers/STM32F4xx_HAL_Driver/Src/stm32f4xx_hal_rcc_ex.o
 .ARM.attributes
                0x000002b3       0x34 ./Drivers/STM32F4xx_HAL_Driver/Src/stm32f4xx_hal_tim.o
 .ARM.attributes
                0x000002e7       0x34 ./Drivers/STM32F4xx_HAL_Driver/Src/stm32f4xx_hal_tim_ex.o
 .ARM.attributes
                0x0000031b       0x34 ./Drivers/STM32F4xx_HAL_Driver/Src/stm32f4xx_hal_uart.o
 .ARM.attributes
                0x0000034f       0x34 ./Middlewares/Third_Party/FreeRTOS/Source/CMSIS_RTOS_V2/cmsis_os2.o
 .ARM.attributes
                0x00000383       0x34 ./Middlewares/Third_Party/FreeRTOS/Source/event_groups.o
 .ARM.attributes
                0x000003b7       0x34 ./Middlewares/Third_Party/FreeRTOS/Source/list.o
 .ARM.attributes
                0x000003eb       0x34 ./Middlewares/Third_Party/FreeRTOS/Source/queue.o
 .ARM.attributes
                0x0000041f       0x34 ./Middlewares/Third_Party/FreeRTOS/Source/tasks.o
 .ARM.attributes
                0x00000453       0x34 ./Middlewares/Third_Party/FreeRTOS/Source/timers.o
 .ARM.attributes
                0x00000487       0x34 ./Middlewares/Third_Party/FreeRTOS/Source/portable/GCC/ARM_CM4F/port.o
 .ARM.attributes
                0x000004bb       0x34 ./Middlewares/Third_Party/FreeRTOS/Source/portable/MemMang/heap_4.o
 .ARM.attributes
                0x000004ef       0x34 C:/Sw/ST/STM32CubeIDE_1.17.0/STM32CubeIDE/plugins/com.st.stm32cube.ide.mcu.externaltools.gnu-tools-for-stm32.12.3.rel1.win32_1.1.0.202410251130/tools/bin/../lib/gcc/arm-none-eabi/12.3.1/../../../../arm-none-eabi/lib/thumb/v7e-m+fp/hard\libc_nano.a(libc_a-findfp.o)
 .ARM.attributes
                0x00000523       0x34 C:/Sw/ST/STM32CubeIDE_1.17.0/STM32CubeIDE/plugins/com.st.stm32cube.ide.mcu.externaltools.gnu-tools-for-stm32.12.3.rel1.win32_1.1.0.202410251130/tools/bin/../lib/gcc/arm-none-eabi/12.3.1/../../../../arm-none-eabi/lib/thumb/v7e-m+fp/hard\libc_nano.a(libc_a-sprintf.o)
 .ARM.attributes
                0x00000557       0x34 C:/Sw/ST/STM32CubeIDE_1.17.0/STM32CubeIDE/plugins/com.st.stm32cube.ide.mcu.externaltools.gnu-tools-for-stm32.12.3.rel1.win32_1.1.0.202410251130/tools/bin/../lib/gcc/arm-none-eabi/12.3.1/../../../../arm-none-eabi/lib/thumb/v7e-m+fp/hard\libc_nano.a(libc_a-memset.o)
 .ARM.attributes
                0x0000058b       0x34 C:/Sw/ST/STM32CubeIDE_1.17.0/STM32CubeIDE/plugins/com.st.stm32cube.ide.mcu.externaltools.gnu-tools-for-stm32.12.3.rel1.win32_1.1.0.202410251130/tools/bin/../lib/gcc/arm-none-eabi/12.3.1/../../../../arm-none-eabi/lib/thumb/v7e-m+fp/hard\libc_nano.a(libc_a-reent.o)
 .ARM.attributes
                0x000005bf       0x34 C:/Sw/ST/STM32CubeIDE_1.17.0/STM32CubeIDE/plugins/com.st.stm32cube.ide.mcu.externaltools.gnu-tools-for-stm32.12.3.rel1.win32_1.1.0.202410251130/tools/bin/../lib/gcc/arm-none-eabi/12.3.1/../../../../arm-none-eabi/lib/thumb/v7e-m+fp/hard\libc_nano.a(libc_a-impure.o)
 .ARM.attributes
                0x000005f3       0x34 C:/Sw/ST/STM32CubeIDE_1.17.0/STM32CubeIDE/plugins/com.st.stm32cube.ide.mcu.externaltools.gnu-tools-for-stm32.12.3.rel1.win32_1.1.0.202410251130/tools/bin/../lib/gcc/arm-none-eabi/12.3.1/../../../../arm-none-eabi/lib/thumb/v7e-m+fp/hard\libc_nano.a(libc_a-errno.o)
 .ARM.attributes
                0x00000627       0x34 C:/Sw/ST/STM32CubeIDE_1.17.0/STM32CubeIDE/plugins/com.st.stm32cube.ide.mcu.externaltools.gnu-tools-for-stm32.12.3.rel1.win32_1.1.0.202410251130/tools/bin/../lib/gcc/arm-none-eabi/12.3.1/../../../../arm-none-eabi/lib/thumb/v7e-m+fp/hard\libc_nano.a(libc_a-init.o)
 .ARM.attributes
                0x0000065b       0x34 C:/Sw/ST/STM32CubeIDE_1.17.0/STM32CubeIDE/plugins/com.st.stm32cube.ide.mcu.externaltools.gnu-tools-for-stm32.12.3.rel1.win32_1.1.0.202410251130/tools/bin/../lib/gcc/arm-none-eabi/12.3.1/../../../../arm-none-eabi/lib/thumb/v7e-m+fp/hard\libc_nano.a(libc_a-lock.o)
 .ARM.attributes
                0x0000068f       0x34 C:/Sw/ST/STM32CubeIDE_1.17.0/STM32CubeIDE/plugins/com.st.stm32cube.ide.mcu.externaltools.gnu-tools-for-stm32.12.3.rel1.win32_1.1.0.202410251130/tools/bin/../lib/gcc/arm-none-eabi/12.3.1/../../../../arm-none-eabi/lib/thumb/v7e-m+fp/hard\libc_nano.a(libc_a-memcpy-stub.o)
 .ARM.attributes
                0x000006c3       0x17 C:/Sw/ST/STM32CubeIDE_1.17.0/STM32CubeIDE/plugins/com.st.stm32cube.ide.mcu.externaltools.gnu-tools-for-stm32.12.3.rel1.win32_1.1.0.202410251130/tools/bin/../lib/gcc/arm-none-eabi/12.3.1/../../../../arm-none-eabi/lib/thumb/v7e-m+fp/hard\libc_nano.a(libc_a-strlen.o)
 .ARM.attributes
                0x000006da       0x34 C:/Sw/ST/STM32CubeIDE_1.17.0/STM32CubeIDE/plugins/com.st.stm32cube.ide.mcu.externaltools.gnu-tools-for-stm32.12.3.rel1.win32_1.1.0.202410251130/tools/bin/../lib/gcc/arm-none-eabi/12.3.1/../../../../arm-none-eabi/lib/thumb/v7e-m+fp/hard\libc_nano.a(libc_a-freer.o)
 .ARM.attributes
                0x0000070e       0x34 C:/Sw/ST/STM32CubeIDE_1.17.0/STM32CubeIDE/plugins/com.st.stm32cube.ide.mcu.externaltools.gnu-tools-for-stm32.12.3.rel1.win32_1.1.0.202410251130/tools/bin/../lib/gcc/arm-none-eabi/12.3.1/../../../../arm-none-eabi/lib/thumb/v7e-m+fp/hard\libc_nano.a(libc_a-mallocr.o)
 .ARM.attributes
                0x00000742       0x34 C:/Sw/ST/STM32CubeIDE_1.17.0/STM32CubeIDE/plugins/com.st.stm32cube.ide.mcu.externaltools.gnu-tools-for-stm32.12.3.rel1.win32_1.1.0.202410251130/tools/bin/../lib/gcc/arm-none-eabi/12.3.1/../../../../arm-none-eabi/lib/thumb/v7e-m+fp/hard\libc_nano.a(libc_a-mlock.o)
 .ARM.attributes
                0x00000776       0x34 C:/Sw/ST/STM32CubeIDE_1.17.0/STM32CubeIDE/plugins/com.st.stm32cube.ide.mcu.externaltools.gnu-tools-for-stm32.12.3.rel1.win32_1.1.0.202410251130/tools/bin/../lib/gcc/arm-none-eabi/12.3.1/../../../../arm-none-eabi/lib/thumb/v7e-m+fp/hard\libc_nano.a(libc_a-nano-svfprintf.o)
 .ARM.attributes
                0x000007aa       0x34 C:/Sw/ST/STM32CubeIDE_1.17.0/STM32CubeIDE/plugins/com.st.stm32cube.ide.mcu.externaltools.gnu-tools-for-stm32.12.3.rel1.win32_1.1.0.202410251130/tools/bin/../lib/gcc/arm-none-eabi/12.3.1/../../../../arm-none-eabi/lib/thumb/v7e-m+fp/hard\libc_nano.a(libc_a-nano-vfprintf_i.o)
 .ARM.attributes
                0x000007de       0x34 C:/Sw/ST/STM32CubeIDE_1.17.0/STM32CubeIDE/plugins/com.st.stm32cube.ide.mcu.externaltools.gnu-tools-for-stm32.12.3.rel1.win32_1.1.0.202410251130/tools/bin/../lib/gcc/arm-none-eabi/12.3.1/../../../../arm-none-eabi/lib/thumb/v7e-m+fp/hard\libc_nano.a(libc_a-memmove.o)
 .ARM.attributes
                0x00000812       0x34 C:/Sw/ST/STM32CubeIDE_1.17.0/STM32CubeIDE/plugins/com.st.stm32cube.ide.mcu.externaltools.gnu-tools-for-stm32.12.3.rel1.win32_1.1.0.202410251130/tools/bin/../lib/gcc/arm-none-eabi/12.3.1/../../../../arm-none-eabi/lib/thumb/v7e-m+fp/hard\libc_nano.a(libc_a-sbrkr.o)
 .ARM.attributes
                0x00000846       0x1c C:/Sw/ST/STM32CubeIDE_1.17.0/STM32CubeIDE/plugins/com.st.stm32cube.ide.mcu.externaltools.gnu-tools-for-stm32.12.3.rel1.win32_1.1.0.202410251130/tools/bin/../lib/gcc/arm-none-eabi/12.3.1/../../../../arm-none-eabi/lib/thumb/v7e-m+fp/hard\libc_nano.a(libc_a-memchr.o)
 .ARM.attributes
                0x00000862       0x34 C:/Sw/ST/STM32CubeIDE_1.17.0/STM32CubeIDE/plugins/com.st.stm32cube.ide.mcu.externaltools.gnu-tools-for-stm32.12.3.rel1.win32_1.1.0.202410251130/tools/bin/../lib/gcc/arm-none-eabi/12.3.1/../../../../arm-none-eabi/lib/thumb/v7e-m+fp/hard\libc_nano.a(libc_a-reallocr.o)
 .ARM.attributes
                0x00000896       0x34 C:/Sw/ST/STM32CubeIDE_1.17.0/STM32CubeIDE/plugins/com.st.stm32cube.ide.mcu.externaltools.gnu-tools-for-stm32.12.3.rel1.win32_1.1.0.202410251130/tools/bin/../lib/gcc/arm-none-eabi/12.3.1/../../../../arm-none-eabi/lib/thumb/v7e-m+fp/hard\libc_nano.a(libc_a-msizer.o)
 .ARM.attributes
                0x000008ca       0x22 C:/Sw/ST/STM32CubeIDE_1.17.0/STM32CubeIDE/plugins/com.st.stm32cube.ide.mcu.externaltools.gnu-tools-for-stm32.12.3.rel1.win32_1.1.0.202410251130/tools/bin/../lib/gcc/arm-none-eabi/12.3.1/thumb/v7e-m+fp/hard\libgcc.a(_aeabi_uldivmod.o)
 .ARM.attributes
                0x000008ec       0x34 C:/Sw/ST/STM32CubeIDE_1.17.0/STM32CubeIDE/plugins/com.st.stm32cube.ide.mcu.externaltools.gnu-tools-for-stm32.12.3.rel1.win32_1.1.0.202410251130/tools/bin/../lib/gcc/arm-none-eabi/12.3.1/thumb/v7e-m+fp/hard\libgcc.a(_udivmoddi4.o)
 .ARM.attributes
                0x00000920       0x22 C:/Sw/ST/STM32CubeIDE_1.17.0/STM32CubeIDE/plugins/com.st.stm32cube.ide.mcu.externaltools.gnu-tools-for-stm32.12.3.rel1.win32_1.1.0.202410251130/tools/bin/../lib/gcc/arm-none-eabi/12.3.1/thumb/v7e-m+fp/hard\libgcc.a(_dvmd_tls.o)
 .ARM.attributes
                0x00000942       0x22 C:/Sw/ST/STM32CubeIDE_1.17.0/STM32CubeIDE/plugins/com.st.stm32cube.ide.mcu.externaltools.gnu-tools-for-stm32.12.3.rel1.win32_1.1.0.202410251130/tools/bin/../lib/gcc/arm-none-eabi/12.3.1/thumb/v7e-m+fp/hard/crtn.o
OUTPUT(CubeMX_RTOS.elf elf32-littlearm)
LOAD linker stubs
LOAD C:/Sw/ST/STM32CubeIDE_1.17.0/STM32CubeIDE/plugins/com.st.stm32cube.ide.mcu.externaltools.gnu-tools-for-stm32.12.3.rel1.win32_1.1.0.202410251130/tools/bin/../lib/gcc/arm-none-eabi/12.3.1/../../../../arm-none-eabi/lib/thumb/v7e-m+fp/hard\libc.a
LOAD C:/Sw/ST/STM32CubeIDE_1.17.0/STM32CubeIDE/plugins/com.st.stm32cube.ide.mcu.externaltools.gnu-tools-for-stm32.12.3.rel1.win32_1.1.0.202410251130/tools/bin/../lib/gcc/arm-none-eabi/12.3.1/../../../../arm-none-eabi/lib/thumb/v7e-m+fp/hard\libm.a
LOAD C:/Sw/ST/STM32CubeIDE_1.17.0/STM32CubeIDE/plugins/com.st.stm32cube.ide.mcu.externaltools.gnu-tools-for-stm32.12.3.rel1.win32_1.1.0.202410251130/tools/bin/../lib/gcc/arm-none-eabi/12.3.1/thumb/v7e-m+fp/hard\libgcc.a

.debug_info     0x00000000    0x181aa
 .debug_info    0x00000000     0x1083 ./Core/Mcu/stm32f4xx_hal_msp.o
 .debug_info    0x00001083      0x12e ./Core/Mcu/stm32f4xx_it.o
 .debug_info    0x000011b1      0xdc9 ./Core/Rtos/freertos.o
 .debug_info    0x00001f7a       0x30 ./Core/System/Startup/startup_stm32f446retx.o
 .debug_info    0x00001faa      0x168 ./Core/System/sysmem.o
 .debug_info    0x00002112      0x54a ./Core/System/system_stm32f4xx.o
 .debug_info    0x0000265c     0x1867 ./Core/main.o
 .debug_info    0x00003ec3      0x99a ./Drivers/STM32F4xx_HAL_Driver/Src/stm32f4xx_hal.o
 .debug_info    0x0000485d      0xdaa ./Drivers/STM32F4xx_HAL_Driver/Src/stm32f4xx_hal_cortex.o
 .debug_info    0x00005607      0x70b ./Drivers/STM32F4xx_HAL_Driver/Src/stm32f4xx_hal_gpio.o
 .debug_info    0x00005d12      0x8eb ./Drivers/STM32F4xx_HAL_Driver/Src/stm32f4xx_hal_rcc.o
 .debug_info    0x000065fd      0x956 ./Drivers/STM32F4xx_HAL_Driver/Src/stm32f4xx_hal_rcc_ex.o
 .debug_info    0x00006f53     0x299d ./Drivers/STM32F4xx_HAL_Driver/Src/stm32f4xx_hal_tim.o
 .debug_info    0x000098f0     0x14db ./Drivers/STM32F4xx_HAL_Driver/Src/stm32f4xx_hal_tim_ex.o
 .debug_info    0x0000adcb     0x2f4f ./Drivers/STM32F4xx_HAL_Driver/Src/stm32f4xx_hal_uart.o
 .debug_info    0x0000dd1a     0x3a70 ./Middlewares/Third_Party/FreeRTOS/Source/CMSIS_RTOS_V2/cmsis_os2.o
 .debug_info    0x0001178a      0xbd1 ./Middlewares/Third_Party/FreeRTOS/Source/event_groups.o
 .debug_info    0x0001235b      0x2af ./Middlewares/Third_Party/FreeRTOS/Source/list.o
 .debug_info    0x0001260a     0x1b79 ./Middlewares/Third_Party/FreeRTOS/Source/queue.o
 .debug_info    0x00014183     0x21ec ./Middlewares/Third_Party/FreeRTOS/Source/tasks.o
 .debug_info    0x0001636f     0x1488 ./Middlewares/Third_Party/FreeRTOS/Source/timers.o
 .debug_info    0x000177f7      0x4de ./Middlewares/Third_Party/FreeRTOS/Source/portable/GCC/ARM_CM4F/port.o
 .debug_info    0x00017cd5      0x4d5 ./Middlewares/Third_Party/FreeRTOS/Source/portable/MemMang/heap_4.o

.debug_abbrev   0x00000000     0x35d8
 .debug_abbrev  0x00000000      0x210 ./Core/Mcu/stm32f4xx_hal_msp.o
 .debug_abbrev  0x00000210       0xaa ./Core/Mcu/stm32f4xx_it.o
 .debug_abbrev  0x000002ba      0x22e ./Core/Rtos/freertos.o
 .debug_abbrev  0x000004e8       0x24 ./Core/System/Startup/startup_stm32f446retx.o
 .debug_abbrev  0x0000050c       0xbc ./Core/System/sysmem.o
 .debug_abbrev  0x000005c8      0x11a ./Core/System/system_stm32f4xx.o
 .debug_abbrev  0x000006e2      0x301 ./Core/main.o
 .debug_abbrev  0x000009e3      0x214 ./Drivers/STM32F4xx_HAL_Driver/Src/stm32f4xx_hal.o
 .debug_abbrev  0x00000bf7      0x31d ./Drivers/STM32F4xx_HAL_Driver/Src/stm32f4xx_hal_cortex.o
 .debug_abbrev  0x00000f14      0x1d4 ./Drivers/STM32F4xx_HAL_Driver/Src/stm32f4xx_hal_gpio.o
 .debug_abbrev  0x000010e8      0x2b7 ./Drivers/STM32F4xx_HAL_Driver/Src/stm32f4xx_hal_rcc.o
 .debug_abbrev  0x0000139f      0x20a ./Drivers/STM32F4xx_HAL_Driver/Src/stm32f4xx_hal_rcc_ex.o
 .debug_abbrev  0x000015a9      0x278 ./Drivers/STM32F4xx_HAL_Driver/Src/stm32f4xx_hal_tim.o
 .debug_abbrev  0x00001821      0x283 ./Drivers/STM32F4xx_HAL_Driver/Src/stm32f4xx_hal_tim_ex.o
 .debug_abbrev  0x00001aa4      0x30e ./Drivers/STM32F4xx_HAL_Driver/Src/stm32f4xx_hal_uart.o
 .debug_abbrev  0x00001db2      0x508 ./Middlewares/Third_Party/FreeRTOS/Source/CMSIS_RTOS_V2/cmsis_os2.o
 .debug_abbrev  0x000022ba      0x322 ./Middlewares/Third_Party/FreeRTOS/Source/event_groups.o
 .debug_abbrev  0x000025dc       0xf5 ./Middlewares/Third_Party/FreeRTOS/Source/list.o
 .debug_abbrev  0x000026d1      0x3b6 ./Middlewares/Third_Party/FreeRTOS/Source/queue.o
 .debug_abbrev  0x00002a87      0x386 ./Middlewares/Third_Party/FreeRTOS/Source/tasks.o
 .debug_abbrev  0x00002e0d      0x352 ./Middlewares/Third_Party/FreeRTOS/Source/timers.o
 .debug_abbrev  0x0000315f      0x25c ./Middlewares/Third_Party/FreeRTOS/Source/portable/GCC/ARM_CM4F/port.o
 .debug_abbrev  0x000033bb      0x21d ./Middlewares/Third_Party/FreeRTOS/Source/portable/MemMang/heap_4.o

.debug_aranges  0x00000000     0x14f8
 .debug_aranges
                0x00000000       0x48 ./Core/Mcu/stm32f4xx_hal_msp.o
 .debug_aranges
                0x00000048       0x50 ./Core/Mcu/stm32f4xx_it.o
 .debug_aranges
                0x00000098       0x40 ./Core/Rtos/freertos.o
 .debug_aranges
                0x000000d8       0x28 ./Core/System/Startup/startup_stm32f446retx.o
 .debug_aranges
                0x00000100       0x20 ./Core/System/sysmem.o
 .debug_aranges
                0x00000120       0x28 ./Core/System/system_stm32f4xx.o
 .debug_aranges
                0x00000148       0x58 ./Core/main.o
 .debug_aranges
                0x000001a0       0xf0 ./Drivers/STM32F4xx_HAL_Driver/Src/stm32f4xx_hal.o
 .debug_aranges
                0x00000290      0x130 ./Drivers/STM32F4xx_HAL_Driver/Src/stm32f4xx_hal_cortex.o
 .debug_aranges
                0x000003c0       0x58 ./Drivers/STM32F4xx_HAL_Driver/Src/stm32f4xx_hal_gpio.o
 .debug_aranges
                0x00000418       0x88 ./Drivers/STM32F4xx_HAL_Driver/Src/stm32f4xx_hal_rcc.o
 .debug_aranges
                0x000004a0       0x78 ./Drivers/STM32F4xx_HAL_Driver/Src/stm32f4xx_hal_rcc_ex.o
 .debug_aranges
                0x00000518      0x3d0 ./Drivers/STM32F4xx_HAL_Driver/Src/stm32f4xx_hal_tim.o
 .debug_aranges
                0x000008e8      0x168 ./Drivers/STM32F4xx_HAL_Driver/Src/stm32f4xx_hal_tim_ex.o
 .debug_aranges
                0x00000a50      0x208 ./Drivers/STM32F4xx_HAL_Driver/Src/stm32f4xx_hal_uart.o
 .debug_aranges
                0x00000c58      0x2a8 ./Middlewares/Third_Party/FreeRTOS/Source/CMSIS_RTOS_V2/cmsis_os2.o
 .debug_aranges
                0x00000f00       0x90 ./Middlewares/Third_Party/FreeRTOS/Source/event_groups.o
 .debug_aranges
                0x00000f90       0x40 ./Middlewares/Third_Party/FreeRTOS/Source/list.o
 .debug_aranges
                0x00000fd0      0x158 ./Middlewares/Third_Party/FreeRTOS/Source/queue.o
 .debug_aranges
                0x00001128      0x208 ./Middlewares/Third_Party/FreeRTOS/Source/tasks.o
 .debug_aranges
                0x00001330       0xf0 ./Middlewares/Third_Party/FreeRTOS/Source/timers.o
 .debug_aranges
                0x00001420       0x80 ./Middlewares/Third_Party/FreeRTOS/Source/portable/GCC/ARM_CM4F/port.o
 .debug_aranges
                0x000014a0       0x58 ./Middlewares/Third_Party/FreeRTOS/Source/portable/MemMang/heap_4.o

.debug_rnglists
                0x00000000     0x1049
 .debug_rnglists
                0x00000000       0x32 ./Core/Mcu/stm32f4xx_hal_msp.o
 .debug_rnglists
                0x00000032       0x37 ./Core/Mcu/stm32f4xx_it.o
 .debug_rnglists
                0x00000069       0x2b ./Core/Rtos/freertos.o
 .debug_rnglists
                0x00000094       0x19 ./Core/System/Startup/startup_stm32f446retx.o
 .debug_rnglists
                0x000000ad       0x13 ./Core/System/sysmem.o
 .debug_rnglists
                0x000000c0       0x1a ./Core/System/system_stm32f4xx.o
 .debug_rnglists
                0x000000da       0x41 ./Core/main.o
 .debug_rnglists
                0x0000011b       0xaf ./Drivers/STM32F4xx_HAL_Driver/Src/stm32f4xx_hal.o
 .debug_rnglists
                0x000001ca       0xe0 ./Drivers/STM32F4xx_HAL_Driver/Src/stm32f4xx_hal_cortex.o
 .debug_rnglists
                0x000002aa       0x3f ./Drivers/STM32F4xx_HAL_Driver/Src/stm32f4xx_hal_gpio.o
 .debug_rnglists
                0x000002e9       0x66 ./Drivers/STM32F4xx_HAL_Driver/Src/stm32f4xx_hal_rcc.o
 .debug_rnglists
                0x0000034f       0x5e ./Drivers/STM32F4xx_HAL_Driver/Src/stm32f4xx_hal_rcc_ex.o
 .debug_rnglists
                0x000003ad      0x31a ./Drivers/STM32F4xx_HAL_Driver/Src/stm32f4xx_hal_tim.o
 .debug_rnglists
                0x000006c7      0x125 ./Drivers/STM32F4xx_HAL_Driver/Src/stm32f4xx_hal_tim_ex.o
 .debug_rnglists
                0x000007ec      0x1bc ./Drivers/STM32F4xx_HAL_Driver/Src/stm32f4xx_hal_uart.o
 .debug_rnglists
                0x000009a8      0x20c ./Middlewares/Third_Party/FreeRTOS/Source/CMSIS_RTOS_V2/cmsis_os2.o
 .debug_rnglists
                0x00000bb4       0x6a ./Middlewares/Third_Party/FreeRTOS/Source/event_groups.o
 .debug_rnglists
                0x00000c1e       0x2b ./Middlewares/Third_Party/FreeRTOS/Source/list.o
 .debug_rnglists
                0x00000c49      0x109 ./Middlewares/Third_Party/FreeRTOS/Source/queue.o
 .debug_rnglists
                0x00000d52      0x1a0 ./Middlewares/Third_Party/FreeRTOS/Source/tasks.o
 .debug_rnglists
                0x00000ef2       0xb8 ./Middlewares/Third_Party/FreeRTOS/Source/timers.o
 .debug_rnglists
                0x00000faa       0x5d ./Middlewares/Third_Party/FreeRTOS/Source/portable/GCC/ARM_CM4F/port.o
 .debug_rnglists
                0x00001007       0x42 ./Middlewares/Third_Party/FreeRTOS/Source/portable/MemMang/heap_4.o

.debug_macro    0x00000000    0x248ed
 .debug_macro   0x00000000      0x33f ./Core/Mcu/stm32f4xx_hal_msp.o
 .debug_macro   0x0000033f      0xab4 ./Core/Mcu/stm32f4xx_hal_msp.o
 .debug_macro   0x00000df3       0x22 ./Core/Mcu/stm32f4xx_hal_msp.o
 .debug_macro   0x00000e15       0x5b ./Core/Mcu/stm32f4xx_hal_msp.o
 .debug_macro   0x00000e70       0x2a ./Core/Mcu/stm32f4xx_hal_msp.o
 .debug_macro   0x00000e9a       0x94 ./Core/Mcu/stm32f4xx_hal_msp.o
 .debug_macro   0x00000f2e       0x43 ./Core/Mcu/stm32f4xx_hal_msp.o
 .debug_macro   0x00000f71       0x34 ./Core/Mcu/stm32f4xx_hal_msp.o
 .debug_macro   0x00000fa5      0x189 ./Core/Mcu/stm32f4xx_hal_msp.o
 .debug_macro   0x0000112e       0x16 ./Core/Mcu/stm32f4xx_hal_msp.o
 .debug_macro   0x00001144       0x43 ./Core/Mcu/stm32f4xx_hal_msp.o
 .debug_macro   0x00001187       0x57 ./Core/Mcu/stm32f4xx_hal_msp.o
 .debug_macro   0x000011de       0x34 ./Core/Mcu/stm32f4xx_hal_msp.o
 .debug_macro   0x00001212       0x10 ./Core/Mcu/stm32f4xx_hal_msp.o
 .debug_macro   0x00001222       0x58 ./Core/Mcu/stm32f4xx_hal_msp.o
 .debug_macro   0x0000127a       0x8e ./Core/Mcu/stm32f4xx_hal_msp.o
 .debug_macro   0x00001308       0x1c ./Core/Mcu/stm32f4xx_hal_msp.o
 .debug_macro   0x00001324      0x177 ./Core/Mcu/stm32f4xx_hal_msp.o
 .debug_macro   0x0000149b      0x369 ./Core/Mcu/stm32f4xx_hal_msp.o
 .debug_macro   0x00001804       0x10 ./Core/Mcu/stm32f4xx_hal_msp.o
 .debug_macro   0x00001814       0x35 ./Core/Mcu/stm32f4xx_hal_msp.o
 .debug_macro   0x00001849       0x20 ./Core/Mcu/stm32f4xx_hal_msp.o
 .debug_macro   0x00001869      0x29f ./Core/Mcu/stm32f4xx_hal_msp.o
 .debug_macro   0x00001b08       0x2e ./Core/Mcu/stm32f4xx_hal_msp.o
 .debug_macro   0x00001b36       0x28 ./Core/Mcu/stm32f4xx_hal_msp.o
 .debug_macro   0x00001b5e      0x103 ./Core/Mcu/stm32f4xx_hal_msp.o
 .debug_macro   0x00001c61       0x6a ./Core/Mcu/stm32f4xx_hal_msp.o
 .debug_macro   0x00001ccb      0x1df ./Core/Mcu/stm32f4xx_hal_msp.o
 .debug_macro   0x00001eaa       0x1c ./Core/Mcu/stm32f4xx_hal_msp.o
 .debug_macro   0x00001ec6       0x22 ./Core/Mcu/stm32f4xx_hal_msp.o
 .debug_macro   0x00001ee8       0xfb ./Core/Mcu/stm32f4xx_hal_msp.o
 .debug_macro   0x00001fe3     0x1011 ./Core/Mcu/stm32f4xx_hal_msp.o
 .debug_macro   0x00002ff4      0x11f ./Core/Mcu/stm32f4xx_hal_msp.o
 .debug_macro   0x00003113    0x16749 ./Core/Mcu/stm32f4xx_hal_msp.o
 .debug_macro   0x0001985c       0x6d ./Core/Mcu/stm32f4xx_hal_msp.o
 .debug_macro   0x000198c9     0x369a ./Core/Mcu/stm32f4xx_hal_msp.o
 .debug_macro   0x0001cf63       0x56 ./Core/Mcu/stm32f4xx_hal_msp.o
 .debug_macro   0x0001cfb9      0xca5 ./Core/Mcu/stm32f4xx_hal_msp.o
 .debug_macro   0x0001dc5e      0x9e9 ./Core/Mcu/stm32f4xx_hal_msp.o
 .debug_macro   0x0001e647      0x115 ./Core/Mcu/stm32f4xx_hal_msp.o
 .debug_macro   0x0001e75c      0x1a0 ./Core/Mcu/stm32f4xx_hal_msp.o
 .debug_macro   0x0001e8fc       0xa5 ./Core/Mcu/stm32f4xx_hal_msp.o
 .debug_macro   0x0001e9a1      0x16d ./Core/Mcu/stm32f4xx_hal_msp.o
 .debug_macro   0x0001eb0e      0x287 ./Core/Mcu/stm32f4xx_hal_msp.o
 .debug_macro   0x0001ed95       0x5f ./Core/Mcu/stm32f4xx_hal_msp.o
 .debug_macro   0x0001edf4      0x236 ./Core/Mcu/stm32f4xx_hal_msp.o
 .debug_macro   0x0001f02a      0x132 ./Core/Mcu/stm32f4xx_hal_msp.o
 .debug_macro   0x0001f15c      0x29c ./Core/Mcu/stm32f4xx_hal_msp.o
 .debug_macro   0x0001f3f8       0x2e ./Core/Mcu/stm32f4xx_hal_msp.o
 .debug_macro   0x0001f426      0x127 ./Core/Mcu/stm32f4xx_hal_msp.o
 .debug_macro   0x0001f54d       0xe8 ./Core/Mcu/stm32f4xx_hal_msp.o
 .debug_macro   0x0001f635       0x89 ./Core/Mcu/stm32f4xx_hal_msp.o
 .debug_macro   0x0001f6be      0x8ed ./Core/Mcu/stm32f4xx_hal_msp.o
 .debug_macro   0x0001ffab       0x53 ./Core/Mcu/stm32f4xx_hal_msp.o
 .debug_macro   0x0001fffe      0x2aa ./Core/Mcu/stm32f4xx_hal_msp.o
 .debug_macro   0x000202a8       0x8d ./Core/Mcu/stm32f4xx_hal_msp.o
 .debug_macro   0x00020335      0x126 ./Core/Mcu/stm32f4xx_hal_msp.o
 .debug_macro   0x0002045b      0x168 ./Core/Mcu/stm32f4xx_hal_msp.o
 .debug_macro   0x000205c3      0x15a ./Core/Mcu/stm32f4xx_hal_msp.o
 .debug_macro   0x0002071d       0xc9 ./Core/Mcu/stm32f4xx_hal_msp.o
 .debug_macro   0x000207e6       0x1c ./Core/Mcu/stm32f4xx_hal_msp.o
 .debug_macro   0x00020802       0x26 ./Core/Mcu/stm32f4xx_hal_msp.o
 .debug_macro   0x00020828      0x4c5 ./Core/Mcu/stm32f4xx_hal_msp.o
 .debug_macro   0x00020ced       0xb5 ./Core/Mcu/stm32f4xx_hal_msp.o
 .debug_macro   0x00020da2       0xaa ./Core/Mcu/stm32f4xx_hal_msp.o
 .debug_macro   0x00020e4c       0x66 ./Core/Mcu/stm32f4xx_hal_msp.o
 .debug_macro   0x00020eb2       0x74 ./Core/Mcu/stm32f4xx_hal_msp.o
 .debug_macro   0x00020f26       0xdd ./Core/Mcu/stm32f4xx_hal_msp.o
 .debug_macro   0x00021003       0xb2 ./Core/Mcu/stm32f4xx_hal_msp.o
 .debug_macro   0x000210b5      0x27b ./Core/Mcu/stm32f4xx_it.o
 .debug_macro   0x00021330       0x8e ./Core/Mcu/stm32f4xx_it.o
 .debug_macro   0x000213be       0x51 ./Core/Mcu/stm32f4xx_it.o
 .debug_macro   0x0002140f      0x168 ./Core/Mcu/stm32f4xx_it.o
 .debug_macro   0x00021577       0x5c ./Core/Mcu/stm32f4xx_it.o
 .debug_macro   0x000215d3       0x6c ./Core/Mcu/stm32f4xx_it.o
 .debug_macro   0x0002163f      0x385 ./Core/Rtos/freertos.o
 .debug_macro   0x000219c4       0x1c ./Core/Rtos/freertos.o
 .debug_macro   0x000219e0       0x10 ./Core/Rtos/freertos.o
 .debug_macro   0x000219f0       0x1c ./Core/Rtos/freertos.o
 .debug_macro   0x00021a0c       0x16 ./Core/Rtos/freertos.o
 .debug_macro   0x00021a22      0x146 ./Core/Rtos/freertos.o
 .debug_macro   0x00021b68       0xff ./Core/System/sysmem.o
 .debug_macro   0x00021c67      0x23c ./Core/System/sysmem.o
 .debug_macro   0x00021ea3      0x1d8 ./Core/System/system_stm32f4xx.o
 .debug_macro   0x0002207b      0x3b5 ./Core/main.o
 .debug_macro   0x00022430       0x61 ./Core/main.o